[backblue.gif]
[fade.gif]
[index.html]
[cdn.jsdelivr.net/npm/bootstrap@5.0.2/dist/css/bootstrap.min.css]
[unpkg.com/swiper@7/swiper-bundle.min.1.delayed]
[unpkg.com/swiper@7.4.1/swiper-bundle.min.css]
[www.munipozuzo.com.pe/app/assets/jQuery/jquery.min.js]
[cdnjs.cloudflare.com/ajax/libs/viewerjs/1.10.1/viewer.min.css]
[kit.fontawesome.com/73a9e59589.js]
[www.munipozuzo.com.pe/app/assets/img/website-icon.png]
[www.munipozuzo.com.pe/app/assets/img/antisoborno.png]
[www.munipozuzo.com.pe/app/assets/img/lupa-transparencia.png]
[www.munipozuzo.com.pe/app/assets/img/logo-emilima-color.png]
[www.munipozuzo.com.pe/app/assets/img/portal-transparencia.png]
[cmsapi.emilima.com.pe/api/files/6SVwToIUJEI8qmdzExAawJtN6tIs6gLVZntN5Lwg.png]
[cmsapi.emilima.com.pe/api/files/vrFrb8tUF5hAjmjcF903aJELIkjVW4BquKEpDUhL.png]
[cmsapi.emilima.com.pe/api/files/Mgnn4ufKPIKn8gAjeiNltSVre3b00yzFpEYzow38.png]
[cmsapi.emilima.com.pe/api/files/8jiqLVixXUBp6DcrUU5PLOPU6ISxHEkkuVFVtsEv.png]
[cmsapi.emilima.com.pe/api/files/0ARBa35d9oCp1m5njEw7z2sgUd7aAqZbo0WWw6QW.png]
[cmsapi.emilima.com.pe/api/files/PhzNNPd9nazCz2kZyCuepABK1vSZfIIL8M57x4Ly.png]
[cmsapi.emilima.com.pe/api/files/rZDWEmYhqZqPpAOr77Sgz2LyQxyhu4VQ1IITgk4R.png]
[cmsapi.emilima.com.pe/api/files/mSCpYxDATyYXaFNlqmSR8WErYyto6Z98sKCogxrY.png]
[cmsapi.emilima.com.pe/api/files/4meu4ILLNYS2ZzTcHK2DemjiiuErWNY5BQqWsRZv.png]
[cmsapi.emilima.com.pe/api/files/yTIxVCfy2OOt85OpRhvzlwhWgHR5pKvVPsD1Vg9p.png]
[cmsapi.emilima.com.pe/api/files/xtwJq9HaVH7XlSba4C0dp463JklgOFwtxbt96oiM.jpg]
[cmsapi.emilima.com.pe/api/files/duUO28HMq7BYGxOQ9Zc3uHjnAQZbqjvZ4ubOEuuV.jpg]
[cmsapi.emilima.com.pe/api/files/KBSR2lAQSVIZV1hnOxNykeoFPv7ojyixj2gK66z4.jpg]
[cmsapi.emilima.com.pe/api/files/IN1yPltqPNvpX5wUMDcEKBqN1vNKCeWQf3GBBiOb.jpg]
[cmsapi.emilima.com.pe/api/files/1CgAShjrrWDOyWMX0WOm0AYlp8CKI89h9pPYQdw0.jpg]
[cmsapi.emilima.com.pe/api/files/1FUbnl1qTLanm45FAYCPzrnyOg2hdiXqFTp1ppRS.png]
[cmsapi.emilima.com.pe/api/files/KqaAnlP1bYjXoJEs7iU78Gl48cVMmuur4ffsSVEI.png]
[cmsapi.emilima.com.pe/api/files/qoxVLF2FhF5desXJzNHlbd3iaU3vfty3iMrfWu1d.png]
[cmsapi.emilima.com.pe/api/files/M8gVCEA8e2Qqh6AFxe1r2QW0PMQJ5nLMr04opTZT.png]
[cmsapi.emilima.com.pe/api/files/Kvgk2qii3WnMeGnb5amiN3qWvEeo86d5S9MfiLpg.png]
[cmsapi.emilima.com.pe/api/files/7meXi0IwFIcfkQ8bJyjObXBu2u7DfItt2TnqTcar.png]
[unpkg.com/swiper@7/swiper-bundle.min.4c.delayed]
[unpkg.com/swiper@7.4.1/swiper-bundle.min.js]
[cdnjs.cloudflare.com/ajax/libs/gsap/1.14.2/TweenMax.min.js]
[cdn.jsdelivr.net/npm/@popperjs/core@2.10.2/dist/umd/popper.min.js]
[cdn.jsdelivr.net/npm/bootstrap@5.1.3/dist/js/bootstrap.min.js]
[cdnjs.cloudflare.com/ajax/libs/viewerjs/1.10.1/viewer.min.js]
[www.munipozuzo.com.pe/app/assets/js/main.js]
[www.munipozuzo.com.pe/app/assets/js/accesibility.js]
[www.munipozuzo.com.pe/index.html]
[cdn.jsdelivr.net/npm/bootstrap@5.0.2/dist/css/bootstrap.min.css]
[unpkg.com/swiper@7.4.1/swiper-bundle.min.css]
[www.munipozuzo.com.pe/app/assets/css/accesibility.css]
[www.munipozuzo.com.pe/favicon.html]
[cdnjs.cloudflare.com/ajax/libs/viewerjs/1.10.1/viewer.min.css]
[www.munipozuzo.com.pe/app/assets/img/emoji.png]
[www.munipozuzo.com.pe/app/assets/css/main.css]
[cmsapi.emilima.com.pe/api/files/DyDFX4YhXLRqn32le952pBddC8DsDB9GHwZdCrtw.jpg]
[www.munipozuzo.com.pe/app/assets/img/icons/mision.png]
[www.munipozuzo.com.pe/app/assets/img/icons/vision.png]
[cmsapi.emilima.com.pe/api/files/Q4LO4QJqSPZamPRot0PcQcyFXU6TL4YGpkMZP2HG.png]
[cmsapi.emilima.com.pe/api/files/yTA9FhFsuZGK8d8r5xKLuIUVBJAzx8KPR8HCSid4.png]
[cmsapi.emilima.com.pe/api/files/EWczVx5hYqRtwiH12rEgQHWZnPumkbagxaEhjYKf.jpg]
[cmsapi.emilima.com.pe/api/files/YqZd23I8KtVF5BFZ2YNUVCpjJ6ctgb1d29Eq8e1f.png]
[www.munipozuzo.com.pe/acerca-de-nosotros.html]
[cmsapi.emilima.com.pe/api/files/XMYvKuG7GTXSnsxXCGj30cnpy8wa6WbSPdaGj5t7.png]
[www.munipozuzo.com.pe/marco-legal.html]
[www.munipozuzo.com.pe/estructura-organica.html]
[cmsapi.emilima.com.pe/api/files/tn5u9qRgJwtLkb6CQoVEdNyF9wmLE6A0T55sshaS.jpg]
[cmsapi.emilima.com.pe/api/files/jDK3Vy4ifJGmqopkdzkdNdmMBIAhohbkQSDAAWT3.png]
[cmsapi.emilima.com.pe/api/files/6EW0d8kMoXYasou5GjvdWRmZwYJy7GK2BZcGDytu.jpg]
[cmsapi.emilima.com.pe/api/files/j9INVamUZMSIxHqK1xB78hOgF2RxOWNUdGpexCBh.jpg]
[cmsapi.emilima.com.pe/api/files/n8o3qJUrHhPSUcCDNmKMb4MjJOWiCf6zI91A5QKE.jpg]
[cmsapi.emilima.com.pe/api/files/43kf1Ki8l4jgXDl2ZIuaufUwZkp4b7RUCJBpr7HH.jpg]
[cmsapi.emilima.com.pe/api/files/ukLoxVIKT8pGPHaMnPdhaOYTAGcQccYu1HqrwAg9.jpg]
[cmsapi.emilima.com.pe/api/files/7RpykkDFIV4QDagRZgBDSwNEFpy2W8qCG6DYLV3g.jpg]
[cmsapi.emilima.com.pe/api/files/2DcaS8U49uNCQNNEWXDldQhWa0oJSpMITtvuS57d.jpg]
[cmsapi.emilima.com.pe/api/files/oyJaSg0UbU5a0W4aSQrUbFmwCb6rpfAu9VsAzhyx.jpg]
[cmsapi.emilima.com.pe/api/files/xJgOg1ChNGBYGXCYlithx4BlSEMIj8RYsMae1fu2.jpg]
[cmsapi.emilima.com.pe/api/files/WzK5I3P9rmYrDJNKXrG9xZdJJ5xB52cu8ED0nIDp.jpg]
[cmsapi.emilima.com.pe/api/files/4MSfAkAPMOhQhyvZOPh4eg5awnnwSstkhoIFRLyV.jpg]
[cmsapi.emilima.com.pe/api/files/Ar90494TaA9NpfM2scjEwmRHiuZ60lIy1TfyS91I.jpg]
[cmsapi.emilima.com.pe/api/files/VlvPrpOiaRvobvzGBwOUexX8uIBeiCM9HGNMKTpK.jpg]
[cmsapi.emilima.com.pe/api/files/t18F8MqC6PF953TfIUmEpxNZ7H58s3YzXl5p0tmP.jpg]
[cmsapi.emilima.com.pe/api/files/DTsyYTkhHoxYuIrreymkiOKJPhxuMdmUd5An4xNT.jpg]
[cmsapi.emilima.com.pe/api/files/OcaWUvoAc8H21dyom1zijVqJkYhAHsiMuC5PoUtG.jpg]
[www.munipozuzo.com.pe/funcionarios.html]
[cmsapi.emilima.com.pe/api/files/78FuDskJZ7NbquOzUwt8JocUO831Lmu3s0E3Dpj5.jpg]
[cmsapi.emilima.com.pe/api/files/davHh3JCpDRV8XjEE6Lo9xifPnWldqXnQ704N7sL.png]
[cmsapi.emilima.com.pe/api/files/sBoBqZNSZ7cAXhqCNCW8zt8hZPskVYwPEnzPFuer.png]
[cmsapi.emilima.com.pe/api/files/VH3Yx97Of2PLtQr75QWntMw2W29DdjP53iSzdZYS.png]
[cmsapi.emilima.com.pe/api/files/68IKaDKZR6l4oOfnuhjW4fsoAvpz4WUGDYkiiGWB.png]
[cmsapi.emilima.com.pe/api/files/FaLGxiQtDNRM7rcF7C8DQDdNXXt0DJvHkEhwVcf7.png]
[cmsapi.emilima.com.pe/api/files/moyhV9WrsTOBI9YDKi5vt9U4MRKfKjQ8vHZJzaak.png]
[cmsapi.emilima.com.pe/api/files/xPIodfPRHBTVSJwzN9aqWaK0J2EPKd0ITMRcLF8e.png]
[cmsapi.emilima.com.pe/api/files/EhQLYiDJbtr6xLAbmw7DT45JJ4viBWjDJNNxTzDk.png]
[cmsapi.emilima.com.pe/api/files/BvIsLOReTHum4WeI2BpDeSXoe3GjOZ1lqF1SzdYK.png]
[cmsapi.emilima.com.pe/api/files/Me4l0lbwxDaPqNFKhcp8JN4WZuglM6FXyAmz2feW.png]
[cmsapi.emilima.com.pe/api/files/tTiO9677KMLY5QPA0oIwZrYRZkOwpDfTSmH6wOU9.jpg]
[cmsapi.emilima.com.pe/api/files/V7SUZa2tuQ0i7LMlw7lwUefha8GHZQII2jrAObKF.png]
[cmsapi.emilima.com.pe/api/files/VPyLVavzHHeFzpixudSD5zfTkzs3CFFe1yotmBhu.png]
[cmsapi.emilima.com.pe/api/files/S8aczHZgCNDFdqxqM0WkuBJdKo5ZSzw3p9hN8pc1.png]
[www.munipozuzo.com.pe/denuncias.html]
[cmsapi.emilima.com.pe/api/files/yyS7YtCC2bMblwnnmkv1Dz4NwwInPC1IO2KfAJQl.png]
[cmsapi.emilima.com.pe/api/files/gqK9APjl2RJCNHW702hcFDTYYv6snY9xEJEJ6U0n.jpg]
[www.munipozuzo.com.pe/app/assets/img/icons/Comercio.png]
[www.munipozuzo.com.pe/app/assets/img/icons/Servicios_Higienicos.png]
[www.munipozuzo.com.pe/app/assets/img/icons/Vivienda.png]
[cmsapi.emilima.com.pe/api/files/eIfZealNhbQxqy0Xe5MNONlsSgGuH12RAQyZvGm2.jpg]
[www.munipozuzo.com.pe/app/assets/apexcharts/apexcharts.min.js]
[www.munipozuzo.com.pe/servicios/administracion-y-saneamiento-de-inmuebles.html]
[cmsapi.emilima.com.pe/api/files/hCEGbk3XwgvxLXbhRKR0FrSOWLkXG3TKm8VMxoNL.jpg]
[cmsapi.emilima.com.pe/api/files/Ui2vCEG7lVOfGo7tQT4TKNpdpVdU3CYbHIaPuE2z.png]
[cmsapi.emilima.com.pe/api/files/9S33PXPTyaGqf6eoF7f7RLCbn4FbTN3AiqESk64I.png]
[www.munipozuzo.com.pe/servicios/subastas.html]
[cmsapi.emilima.com.pe/api/files/hymme9PFR5S0EOuhCuTjSgOxtOYjMOqPN8H1rcqI.png]
[cmsapi.emilima.com.pe/api/files/FdD9XYTuhhZRkNbN7RSBwgpfDd4ZF3EywSQcO5hK.png]
[www.munipozuzo.com.pe/app/assets/img/projects/desarrollo/mercado-de-lima/mercado-de-lima-banner.jpg]
[www.munipozuzo.com.pe/app/assets/img/project-1.png]
[www.munipozuzo.com.pe/app/assets/img/projects/desarrollo/tienda-emilima/banner.jpg]
[www.munipozuzo.com.pe/app/assets/img/projects/desarrollo/gobierno-abierto/banner.jpg]
[www.munipozuzo.com.pe/app/assets/img/projects/desarrollo/visita-lima/banner-accesibilidad.png]
[www.munipozuzo.com.pe/app/assets/img/projects/desarrollo/ods-ciudades/ods-banner.png]
[www.munipozuzo.com.pe/servicios/desarrollo-tecnologico.html]
[cmsapi.emilima.com.pe/api/files/2d30pM6ddZk3G0EQkT27w3bHmQDTcfulzjX4mldD.jpg]
[cmsapi.emilima.com.pe/api/files/v96FROSm3npovkgr21YtE6pGZL98OznSCM8JboN7.jpg]
[cmsapi.emilima.com.pe/api/files/9ok9CGK4U23iVFVcFWG50j4VccLVLt6OOhuqR7el.jpg]
[cmsapi.emilima.com.pe/api/files/NhTBYwCAC9XmxKRYLMrXMDLbVG84O2wFTwiHYs6M.jpg]
[cmsapi.emilima.com.pe/api/files/JxYQKFop3cD5d5dZy3JCZmhTBAv2b8JmjoiNIrZK.jpg]
[cmsapi.emilima.com.pe/api/files/6d1VnyOH7phSDwer6dSKpmLc6T2SJsSTENWJlxUY.jpg]
[www.munipozuzo.com.pe/servicios/obras.html]
[cmsapi.emilima.com.pe/api/files/mfnRo9JMZNEj7nVGsF2KizRoYgGwMqLRdtjngPz1.png]
[cmsapi.emilima.com.pe/api/files/ndiE0AyxDfeo6o1vEHfTgxmolBc3WQPP42zBM3Dl.png]
[cmsapi.emilima.com.pe/api/files/866Vi3xR11dGB4CT6tvOUr0s6cYKQEYe5pwYBsP6.png]
[cmsapi.emilima.com.pe/api/files/YZ9Buh156H5i9Fs4WGIqzNTw2SnWT1Agf6RKQQe6.png]
[cmsapi.emilima.com.pe/api/files/XoiJ7G9q6ianEZLwDGm7YK7JcZ6HNPDL4z8Wb8r5.png]
[cmsapi.emilima.com.pe/api/files/4cwF83zindEYBv0vY7PihQxNLDMdM5gadVzb98x0.png]
[www.munipozuzo.com.pe/servicios/fondo-editorial.html]
[cmsapi.emilima.com.pe/api/files/vowqMnG80zq5ENKMqLePU82dABEEEFA2XJzexCog.png]
[cmsapi.emilima.com.pe/api/files/y1knmU8Lej8vIDyQeZh4uidf5dej0XS45212mMDU.jpg]
[cmsapi.emilima.com.pe/api/files/dcaApFUjZRnQWETCpvbCt62rI69mgSjx2ssCaeYi.jpg]
[cmsapi.emilima.com.pe/api/files/hloJc1yF1aZ9RzMHPSjdBB7UFOSR5d5NoxPiO049.jpg]
[cmsapi.emilima.com.pe/api/files/e61XCZP7NCNCUjP4OF788FcOSxVQTaT2FFtAEOlA.jpg]
[cmsapi.emilima.com.pe/api/files/gOTEy51za9AJbpgUeuoTKlErupAzJocLK9LBl26N.jpg]
[cmsapi.emilima.com.pe/api/files/XDOhyAWhlHPTyIqvrshvhTic4r21vADlWl3ZNacM.jpg]
[cmsapi.emilima.com.pe/api/files/m2RA00VvucqVbsAhLdTZIMkZASHk61Xv2WBqJyJp.jpg]
[cmsapi.emilima.com.pe/api/files/5PoaKZTbHGKHTVmD6sMrgiyi3Ce7lNCCqFy7C8kQ.jpg]
[cmsapi.emilima.com.pe/api/files/AtLJ6GRoFKF0WBrmjoqjAbrP3XaEsbmnG6s2ZH0s.jpg]
[cmsapi.emilima.com.pe/api/files/k9M4Praiap6gYA5zWLEHHbN4JUcljT2W4WF7zyHg.jpg]
[cmsapi.emilima.com.pe/api/files/iyg3DUYN5BgLZ27ctOuW1mjEVDIb0QpIDqYA9PbT.jpg]
[cmsapi.emilima.com.pe/api/files/cirvyG3qMZo41HC9M1SjhUHPYUkcxRutWP3Wc6go.jpg]
[cmsapi.emilima.com.pe/api/files/nwmpaneYsi9pHDOYpy3AXeHgLy5KB1Ytz7bFB8b3.jpg]
[cmsapi.emilima.com.pe/api/files/zDoKyNzBl5lSryWkWNvnWIBm0z1IcDiXNd5ue2s0.jpg]
[cmsapi.emilima.com.pe/api/files/rkfzAxKeUV4sEvzTrMQgLDYpp0wMYKcO65ybX2jy.jpg]
[cmsapi.emilima.com.pe/api/files/Nx98QcO4bzbHTq4VsBqUSUkHVI24Eei66Myw6sPW.jpg]
[cmsapi.emilima.com.pe/api/files/s8wm49SsXa1vaSj7pxmORVYzaTpDVZgdoi6MDvYM.jpg]
[cmsapi.emilima.com.pe/api/files/7xI6IJWXq1PtOJs5QmrdoSBUXbDG2uZEXCifZ3Cg.jpg]
[cmsapi.emilima.com.pe/api/files/QVTQBtHFfh9hDbsyRL3u7EfMoVJYzSgFhlTgeCkZ.jpg]
[www.munipozuzo.com.pe/prensa/notas-de-prensa.html]
[cmsapi.emilima.com.pe/api/files/VrtdrA9LDsCgy43bRS1cuVllKQMnXp60AUQhuhFz.jpg]
[www.munipozuzo.com.pe/prensa/comunicados.html]
[polyfill.io/v3/polyfill.min2174.js]
[www.munipozuzo.com.pe/app/assets/table-master/polyfill-babel.min.js]
[www.munipozuzo.com.pe/app/assets/table-master/polyfill-promise.min.js]
[www.munipozuzo.com.pe/app/assets/table-master/polyfill-fetch.min.js]
[www.munipozuzo.com.pe/app/assets/table-master/jstable.min.js]
[www.munipozuzo.com.pe/transparencia/datos-generales/resoluciones-de-gerencia.html]
[www.munipozuzo.com.pe/transparencia/datos-generales/directivas.html]
[www.munipozuzo.com.pe/transparencia/datos-generales/instructivos.html]
[www.munipozuzo.com.pe/transparencia/datos-generales/guias.html]
[www.munipozuzo.com.pe/transparencia/datos-generales/reglamentos-y-cdigos.html]
[cmsapi.emilima.com.pe/api/files/g1Ju8AUQO7holJ61despxoXGBeO8xGY2poxfnJLW.png]
[cmsapi.emilima.com.pe/api/files/xXwlhDgs187eLTe08x1KHguTloSyoBMSWy2BUvAH.png]
[cmsapi.emilima.com.pe/api/files/tz7GdQtS9mI1PCpJ9alMwXeLMpu9mUwFsIsuo3dJ.png]
[cmsapi.emilima.com.pe/api/files/vXN9ggLAAHW9MrVGRvthLWEvVRq8jpDcYAw1mscP.png]
[cmsapi.emilima.com.pe/api/files/C0mMAdn6QwIYwUKohFaoXq1QBxCZGLbudvluGNxb.png]
[www.munipozuzo.com.pe/transparencia/datos-generales/memorias-anuales.html]
[cmsapi.emilima.com.pe/api/files/kAzKZabuIVDDKGhKgKgnCzHAmSXV8JV8BWD6pM3F.png]
[www.munipozuzo.com.pe/transparencia/datos-generales/recomendaciones-de-auditora.html]
[www.munipozuzo.com.pe/transparencia/datos-generales/lineamientos.html]
[cmsapi.emilima.com.pe/api/files/HWw70Zwz92ln21sKwLle8h7VN52P6dtUDyoJ7m1Q.png]
[cmsapi.emilima.com.pe/api/files/PAKhMy5lrJYqMh8JtoZp2xHMRrCuadk9uEU002Fw.png]
[www.munipozuzo.com.pe/transparencia/planeamiento-y-organizacion/pap.html]
[www.munipozuzo.com.pe/transparencia/planeamiento-y-organizacion/mof.html]
[www.munipozuzo.com.pe/transparencia/planeamiento-y-organizacion/rof.html]
[www.munipozuzo.com.pe/transparencia/planeamiento-y-organizacion/cap.html]
[www.munipozuzo.com.pe/transparencia/planeamiento-y-organizacion/poi.html]
[www.munipozuzo.com.pe/transparencia/planeamiento-y-organizacion/pei.html]
[www.munipozuzo.com.pe/transparencia/planeamiento-y-organizacion/indicadores-de-desempeño.html]
[www.munipozuzo.com.pe/transparencia/planeamiento-y-organizacion/manual-de-procedimientos.html]
[www.munipozuzo.com.pe/transparencia/planeamiento-y-organizacion/plan-operativo-informatico.html]
[www.munipozuzo.com.pe/transparencia/informacin-presupuestal/pia---pim.html]
[www.munipozuzo.com.pe/transparencia/informacin-presupuestal/balance-general.html]
[www.munipozuzo.com.pe/contactanos.html]
[www.munipozuzo.com.pe/app/assets/markdown/markdown.js]
[www.munipozuzo.com.pe/prensa/notas-de-prensa/emilima-subastar-39-lotes-de-terrenos-en-6-distritos-de-lima-metropolitana.html]
[www.munipozuzo.com.pe/prensa/notas-de-prensa/teatro-manuel-a-segura-otra-joya-arquitectnica-de-lima-abre-sus-puertas.html]
[www.munipozuzo.com.pe/prensa/notas-de-prensa/CERCADO_-EMILIMA-ENTREGA-DOS-NUEVAS-ESCULTURAS-DE-ARTE-MODERNO.html]
[www.munipozuzo.com.pe/prensa/notas-de-prensa/EMILIMA-REALIZAR-SUBASTA-PBLICA-DE-ARRENDAMIENTO-DE-CINCO-INMUEBLES.html]
[www.munipozuzo.com.pe/prensa/notas-de-prensa/“LIMA.html]
[www.munipozuzo.com.pe/prensa/notas-de-prensa/emilima-recibe-reconocimiento-por-implementar-los-protocolos-de-bioseguridad-en-el-circuito-mgico.html]
[www.munipozuzo.com.pe/app/assets/img/proyectos-bg.png]
[www.munipozuzo.com.pe/app/assets/img/projects/desarrollo/mercado-de-lima/mercado-de-lima-mobile.png]
[www.munipozuzo.com.pe/app/assets/img/laptop-01.png]
[www.munipozuzo.com.pe/app/assets/img/projects/desarrollo/mercado-de-lima/mercado-de-lima-desktop.png]
[www.munipozuzo.com.pe/app/assets/img/projects/desarrollo/mercado-de-lima/mercado-de-lima-logo.png]
[www.munipozuzo.com.pe/app/assets/img/projects/desarrollo/mercado-de-lima/slide-1.png]
[www.munipozuzo.com.pe/app/assets/img/projects/desarrollo/mercado-de-lima/menu-emprendedor.png]
[www.munipozuzo.com.pe/app/assets/img/projects/desarrollo/mercado-de-lima/productos.png]
[www.munipozuzo.com.pe/app/assets/img/projects/desarrollo/mercado-de-lima/estadisticas.png]
[www.munipozuzo.com.pe/app/assets/img/projects/desarrollo/mercado-de-lima/buscador.png]
[www.munipozuzo.com.pe/app/assets/img/projects/desarrollo/mercado-de-lima/slide-2.png]
[www.munipozuzo.com.pe/servicios/desarrollo-tecnologico/mercado-de-lima.html]
[www.munipozuzo.com.pe/app/assets/img/projects/desarrollo/entradas-lima/entradas-lima-mobile.png]
[www.munipozuzo.com.pe/app/assets/img/projects/desarrollo/entradas-lima/entradas-lima-desktop.png]
[www.munipozuzo.com.pe/app/assets/img/projects/desarrollo/entradas-lima/entradas-lima-logo.png]
[www.munipozuzo.com.pe/app/assets/img/projects/desarrollo/entradas-lima/slide-2.webp]
[www.munipozuzo.com.pe/app/assets/img/projects/desarrollo/entradas-lima/slide-1.webp]
[www.munipozuzo.com.pe/app/assets/img/projects/desarrollo/entradas-lima/boletos.webp]
[www.munipozuzo.com.pe/app/assets/img/projects/desarrollo/entradas-lima/formularios.webp]
[www.munipozuzo.com.pe/app/assets/img/projects/desarrollo/entradas-lima/pagos.webp]
[www.munipozuzo.com.pe/servicios/desarrollo-tecnologico/entradas-lima.html]
[www.munipozuzo.com.pe/subastas/subasta.html]
[www.munipozuzo.com.pe/app/assets/fonts/gotham/GothamRounded-Bold.otf]
[www.munipozuzo.com.pe/app/assets/fonts/gotham/GothamRounded-Medium.otf]
[www.munipozuzo.com.pe/app/assets/fonts/gotham/GothamRounded-Light.otf]
[www.munipozuzo.com.pe/app/assets/fonts/seravek/Seravek-ExtraLight.ttf]
[www.munipozuzo.com.pe/app/assets/fonts/seravek/Seravek-Light.ttf]
[www.munipozuzo.com.pe/app/assets/fonts/seravek/Seravek-Bold.ttf]
[www.munipozuzo.com.pe/app/assets/css/fonts.css]
[www.munipozuzo.com.pe/app/assets/css/post.css]
[www.munipozuzo.com.pe/uploads/marco-legal/Acuerdo-de-consejo-106-1986.html]
[www.munipozuzo.com.pe/uploads/marco-legal/Estatutos-2021.html]
[www.munipozuzo.com.pe/funcionarios/ricardo-edmundo-del-guila-morote-1.html]
[www.munipozuzo.com.pe/funcionarios/maritza-johanna-manturano-castro-2.html]
[www.munipozuzo.com.pe/funcionarios/carlos-coronado-santiago-3.html]
[www.munipozuzo.com.pe/funcionarios/mara-de-ftima-calagua-montoya.html]
[www.munipozuzo.com.pe/funcionarios/melissa-lidia-loli-espino-2.html]
[www.munipozuzo.com.pe/funcionarios/giancarlo-eduardo-snchez-donayre.html]
[www.munipozuzo.com.pe/funcionarios/nlida-renee-baca-vera-1.html]
[www.munipozuzo.com.pe/funcionarios/arturo-franco-solano-ochoa-2.html]
[www.munipozuzo.com.pe/funcionarios/flor-noemi-quiones-torres.html]
[www.munipozuzo.com.pe/funcionarios/sofia-magali-aguayo-morales-7.html]
[www.munipozuzo.com.pe/funcionarios/yakelin-parra-horna-1.html]
[www.munipozuzo.com.pe/funcionarios/evelyn-fiorella-huerta-romero-3.html]
[www.munipozuzo.com.pe/funcionarios/nohely-katiuska-uchofen-cuba-1.html]
[www.munipozuzo.com.pe/funcionarios/jorge-luis-herrera-ordoez-1.html]
[www.munipozuzo.com.pe/funcionarios/renzo-magdaleno-rojas-espinoza-1.html]
[www.munipozuzo.com.pe/funcionarios/rosario-espinoza-loyola-1.html]
[www.munipozuzo.com.pe/servicios/favicon.html]
[www.munipozuzo.com.pe/app/assets/apexcharts/apexcharts.css]
[www.munipozuzo.com.pe/servicios/acerca-de-nosotros.html]
[www.munipozuzo.com.pe/app/assets/vue/vue.min.js]
[www.munipozuzo.com.pe/app/assets/Three.js/three.min.js]
[www.munipozuzo.com.pe/app/assets/Three.js/SVGLoader.js]
[www.munipozuzo.com.pe/app/assets/Three.js/OrbitControls.js]
[www.munipozuzo.com.pe/app/assets/Three.js/dat.gui.min.js]
[www.munipozuzo.com.pe/app/assets/Three.js/stats.min.js]
[www.munipozuzo.com.pe/app/assets/js/map.js]
[www.munipozuzo.com.pe/servicios/mapa-inmuebles.html]
[www.munipozuzo.com.pe/servicios/servicios/desarrollo-tecnológico.html]
[www.munipozuzo.com.pe/servicios/desarrollo-tecnologico40e1.html]
[www.munipozuzo.com.pe/servicios/desarrollo-tecnologicob1df.html]
[www.munipozuzo.com.pe/servicios/desarrollo-tecnologico2de7.html]
[www.munipozuzo.com.pe/servicios/desarrollo-tecnologico8313.html]
[www.munipozuzo.com.pe/app/assets/img/projects/desarrollo/tienda-emilima/tienda-emilima-mobile.png]
[www.munipozuzo.com.pe/app/assets/img/projects/desarrollo/tienda-emilima/tienda-emilima-desktop.png]
[www.munipozuzo.com.pe/app/assets/img/projects/desarrollo/tienda-emilima/logo.png]
[www.munipozuzo.com.pe/app/assets/img/projects/desarrollo/tienda-emilima/categoria.png]
[www.munipozuzo.com.pe/app/assets/img/projects/desarrollo/tienda-emilima/producto.png]
[www.munipozuzo.com.pe/app/assets/img/projects/desarrollo/tienda-emilima/login.png]
[www.munipozuzo.com.pe/app/assets/img/projects/desarrollo/tienda-emilima/carrito.png]
[www.munipozuzo.com.pe/app/assets/img/projects/desarrollo/tienda-emilima/compra.png]
[www.munipozuzo.com.pe/servicios/desarrollo-tecnologico/tienda-emilima.html]
[www.munipozuzo.com.pe/app/assets/img/projects/desarrollo/gobierno-abierto/gobierno-abierto-mobile.png]
[www.munipozuzo.com.pe/app/assets/img/projects/desarrollo/gobierno-abierto/gobierno-abierto-desktop.png]
[www.munipozuzo.com.pe/app/assets/img/projects/desarrollo/gobierno-abierto/logo-lima.png]
[www.munipozuzo.com.pe/app/assets/img/projects/desarrollo/gobierno-abierto/mapa.png]
[www.munipozuzo.com.pe/app/assets/img/projects/desarrollo/gobierno-abierto/resumen-distrital.png]
[www.munipozuzo.com.pe/app/assets/img/projects/desarrollo/gobierno-abierto/tematica.png]
[www.munipozuzo.com.pe/app/assets/img/projects/desarrollo/gobierno-abierto/compromiso-2.png]
[www.munipozuzo.com.pe/app/assets/img/projects/desarrollo/gobierno-abierto/compromiso.png]
[www.munipozuzo.com.pe/servicios/desarrollo-tecnologico/gobierno-abierto-y-compromisos-del-alcalde.html]
[www.munipozuzo.com.pe/app/assets/img/projects/desarrollo/visita-lima/visita-lima-mobile.png]
[www.munipozuzo.com.pe/app/assets/img/projects/desarrollo/visita-lima/visita-lima-desktop.png]
[www.munipozuzo.com.pe/app/assets/img/projects/desarrollo/visita-lima/connadis.png]
[www.munipozuzo.com.pe/app/assets/img/projects/desarrollo/visita-lima/barra-de-accesibilidad.png]
[www.munipozuzo.com.pe/app/assets/img/projects/desarrollo/visita-lima/alto-contraste.png]
[www.munipozuzo.com.pe/app/assets/img/projects/desarrollo/visita-lima/escala-de-grises.png]
[www.munipozuzo.com.pe/app/assets/img/projects/desarrollo/visita-lima/fuente-legible.png]
[www.munipozuzo.com.pe/app/assets/img/projects/desarrollo/visita-lima/audio-parlante.png]
[www.munipozuzo.com.pe/servicios/desarrollo-tecnologico/visita-lima.html]
[www.munipozuzo.com.pe/app/assets/img/projects/desarrollo/ods-ciudades/mobile.png]
[www.munipozuzo.com.pe/app/assets/img/projects/desarrollo/ods-ciudades/desktop.png]
[www.munipozuzo.com.pe/app/assets/img/projects/desarrollo/ods-ciudades/logo-lima.png]
[www.munipozuzo.com.pe/servicios/desarrollo-tecnologico/ods-ciudades.html]
[cmsapi.emilima.com.pe/api/files/ftb6GEOrYoNYy5Tipz8ORxwMIEyQZp1sCLC2a3C7.jpg]
[cmsapi.emilima.com.pe/api/files/2q7ot7UDN5Mu9NHFH7cT2FwiIwpnBudjCwMmctCn.jpg]
[cmsapi.emilima.com.pe/api/files/b0HabVOb55pXTVlpM2tjLIUg8QPvoemMaSTew3IZ.jpg]
[cmsapi.emilima.com.pe/api/files/O14bV8yyh0QnU4HgpMwcrSPxNHg7BcsLdjXqxfIC.jpg]
[cmsapi.emilima.com.pe/api/files/SiPfOQ4nCZzPR4kbHkCjukXjMR7CRAHry9bUxZDL.jpg]
[www.munipozuzo.com.pe/servicios/obras/RECUPERACIN-Y-PUESTA-EN-VALOR-DEL-HOSPICIO-BARTOLOM-MANRIQUE.html]
[cmsapi.emilima.com.pe/api/files/F4tPqUsLzYXdZJVukKjhZOKfsG7jAN0fGl53112r.jpg]
[cmsapi.emilima.com.pe/api/files/2fxptrV47chCxOYEGisUW3r1GVm6VG2AlahYukhb.jpg]
[cmsapi.emilima.com.pe/api/files/RW2Qdw5gIM2l4DPY753vcL4qJv0U62C4VRQVwMuM.jpg]
[cmsapi.emilima.com.pe/api/files/GjuG6Wv53Phm7cAgoch3T3U1Xg0rUkQN2lbAR46q.jpg]
[cmsapi.emilima.com.pe/api/files/aqj9sSuvSty5Gzj3m8KS7cpE3E8kSpZLT9yConES.jpg]
[www.munipozuzo.com.pe/servicios/obras/RECUPERACIN-Y-RESTAURACIN-DEL-TEATRO-MUNICIPAL-DE-LIMA.html]
[cmsapi.emilima.com.pe/api/files/7Uh3ABEkdtzTfv5io6pvl00egOCZH7s6nJiYZBxk.jpg]
[cmsapi.emilima.com.pe/api/files/suqwJfXpPqu7Ns6Dv8rHa3fhv5q7Oo7oDwQP02ZA.jpg]
[cmsapi.emilima.com.pe/api/files/LkuJuKSqetprWJzwLeSzZHrmqqAdnZNRw4pDU8Wu.jpg]
[cmsapi.emilima.com.pe/api/files/i3BKnOoNsSv7grjL2wLG4BQ4FpBvIldzYuDkwe46.jpg]
[cmsapi.emilima.com.pe/api/files/1kONexhcQEBA4EPXenJHAAKuPkRWUOykWx2jUjOH.jpg]
[cmsapi.emilima.com.pe/api/files/fPtDV2QRs7OpEBVhLYoPiPAGCe3k01KjrE3nEjq1.jpg]
[cmsapi.emilima.com.pe/api/files/Jg4xazn2p2IAW6jJGmiBRci5FYBWvlfMI0JcAgeA.jpg]
[cmsapi.emilima.com.pe/api/files/tvYj9I4OxkK1tHXBQQtEsSlSqOZltcH9BapDfyo5.jpg]
[www.munipozuzo.com.pe/servicios/obras/MEJORAMIENTO-DEL-TEATRO-SEGURA-Y-LA-SALA-ALZEDO.html]
[cmsapi.emilima.com.pe/api/files/Ewyxm0NPvsn7oH4XS6lftwKU8z6OJsOmkSG9zOng.jpg]
[cmsapi.emilima.com.pe/api/files/mtgzvt3dprzBFdyYwOGZ6L1y49sVc0PxcebeUSBj.jpg]
[cmsapi.emilima.com.pe/api/files/gX8WDnntZXyKyC2lyBiF0T6rjk50S6Ysd4VCVMb4.jpg]
[www.munipozuzo.com.pe/servicios/obras/CASA-VECINAL-N°-4-CONDE-DE-LEMOS.html]
[cmsapi.emilima.com.pe/api/files/P4IyjjU8duiSxvf1iOvjUlICmOPwQHSTiBLf7e4V.jpg]
[cmsapi.emilima.com.pe/api/files/5cEpeAYLBGZooMVR00vtEg4j2f7qvzCQPxoPDC33.jpg]
[www.munipozuzo.com.pe/app/assets/img/obra.png]
[cmsapi.emilima.com.pe/api/files/jJFSG8SdvIto2ap7qevHingE6OKlawF55wIqwUU3.jpg]
[cmsapi.emilima.com.pe/api/files/eJiBYx9R1s1meONBzvRhlNTXFCnMoYuj0K4P0fJO.jpg]
[cmsapi.emilima.com.pe/api/files/QZ2AfSzP8LeQD5EQo85pMwQGquXiudCOOD73b7Jy.jpg]
[cmsapi.emilima.com.pe/api/files/ccShAMucSYpGfgu6MtimbVNqisBKE8Lz7dockxs6.jpg]
[www.munipozuzo.com.pe/app/assets/progress-bar/jQuery-plugin-progressbar.js]
[www.munipozuzo.com.pe/servicios/obras/tipos.html]
[www.munipozuzo.com.pe/servicios/fondo-editorial-2.html]
[www.munipozuzo.com.pe/prensa/favicon.html]
[www.munipozuzo.com.pe/prensa/notas-de-prensa/EMILIMA-REALIZAR-SUBASTA-PBLICA-DE-ARRENDAMIENTO-DE-12-INMUEBLES-UBICADOS-EN-EL-CERCADO.html]
[www.munipozuzo.com.pe/prensa/notas-de-prensa/FAN-FEST-2021-SE-REALIZ-DE-MANERA-EXITOSA-EN-EL-CIRCUITO-MGICO-DEL-AGUA.html]
[www.munipozuzo.com.pe/prensa/notas-de-prensa/Fondo-editorial-de-Emilima-presenta-«El-Jirn-de-Abraham»-en-la-sexta-Feria-Metropolitana-del-Libro-Lima-Lee.html]
[www.munipozuzo.com.pe/prensa/notas-de-prensa/REGRESAN-LOS-CONCIERTOS-PRESENCIALES-EN-EL-PARQUE-DE-LA-EXPOSICIN.html]
[www.munipozuzo.com.pe/prensa/notas-de-prensa/DISFRUTA-DEL-PRIMER-CONCIERTO-PRESENCIAL-EN-EL-CIRCUITO-MGICO-DEL-AGUA-CON-LIBIDO.html]
[www.munipozuzo.com.pe/prensa/notas-de-prensa/REGRESA-ESPECTCULO-PRESENCIAL-MULTIMEDIA-AL-CIRCUITO-MGICO-DEL-AGUA.html]
[www.munipozuzo.com.pe/prensa/notas-de-prensa/PARQUE-DE-LA-EXPOSICIN_-MML-ENTREGA-RENOVADA-FUENTE-CHINA-CON-100-AÑOS-DE-ANTIGÜEDAD.html]
[www.munipozuzo.com.pe/prensa/notas-de-prensa/MUNICIPALIDAD-DE-LIMA-REALIZ-CON-XITO-LA-VENTA-DE-39-TERRENOS-A-TRAVS-DE-LA-SUBASTA-PBLICA-2021-DE-EMILIMA.html]
[www.munipozuzo.com.pe/prensa/notas-de-prensa/MUNICIPALIDAD-DE-LIMA_-EMILIMA-DESINFECT-CONJUNTOS-HABITACIONALES-DEL-CERCADO.html]
[www.munipozuzo.com.pe/prensa/notas-de-prensa/EMILIMA-SUBASTAR-39-LOTES-DE-TERRENOS-EN-COMAS,-CARABAYLLO-Y-PACHACMAC.html]
[www.munipozuzo.com.pe/prensa/notas-de-prensa/ENTREGA-DE-LA-OBRA-DE-RECUPERACIN-Y-MEJORAMIENTO-DEL-HISTRICO-HOSPICIO-MANRIQUE.html]
[www.munipozuzo.com.pe/prensa/notas-de-prensa/ENTRADAS-LIMA_-NUEVO-APP-PERMITE-COMPRAR-TICKETS-PARA-LOS-PRINCIPALES-PARQUES-Y-CENTROS-DE-ESPARCIMIENTO-DE-LA-MML.html]
[www.munipozuzo.com.pe/prensa/notas-de-prensa/MUNICIPALIDAD-DE-LIMA_-FONDO-EDITORIAL-DE-EMILIMA-PRESENTA-“EL-BAUTIZO-DE-LA-COMETA”-DE-SUSANA-BACA.html]
[www.munipozuzo.com.pe/prensa/notas-de-prensa/ALBERGUE-DE-TODOS-ACOGE-A-19-FAMILIAS-DAMNIFICADAS-DE-INCENDIO-EN-ZONA-DE-MONSERRATE.html]
[www.munipozuzo.com.pe/prensa/notas-de-prensa/LA-MUNICIPALIDAD-DE-LIMA-A-TRAVS-DE-EMILIMA-FIRMA-ACUERDO-CON-CANATUR-PARA-REACTIVAR-EL-TURISMO-EN-LA-CAPITAL.html]
[www.munipozuzo.com.pe/prensa/notas-de-prensa/municipalidad-de-lima-emilima-desinfect-conjuntos-habitacionales-y-brind-talleres-virtuales.html]
[www.munipozuzo.com.pe/prensa/notas-de-prensa/municipalidad-de-lima-emilima-presentar-el-libro-djame-que-te-cuente-los-100-aos-de-chabuca-granda-1.html]
[www.munipozuzo.com.pe/prensa/notas-de-prensa/el-circuito-mgico-del-agua-cumple-con-estrictos-protocolos-de-bioseguridad-tras-reapertura.html]
[www.munipozuzo.com.pe/prensa/comunicados/PROCESO-DE-ELECCIN-DE-LOS-REPRESENTANTES-TITULARES-Y-SUPLENTES-DE-LOS-TRABAJADORES-DEL-COMIT-DE-SEGURIDAD-Y-SALUD-EN-EL-TRABAJO-DE-EMILIMA-S.A.html]
[cmsapi.emilima.com.pe/api/files/0i4KCy71PDFq69Dnzdvd6QvBxdpYF6gxOMsOvnXA.png]
[www.munipozuzo.com.pe/prensa/comunicados/NEUTRALIDAD-DE-FUNCIONARIOS-Y-SERVIDORES-PBLICOS-DURANTE-EL-PROCESO-ELECTORAL-2021.html]
[cmsapi.emilima.com.pe/api/files/tiisSmLDlTP9LwCWpxUN8mnOovAR9ycUBhGNFiuI.png]
[www.munipozuzo.com.pe/prensa/comunicados/DESIGNACIN-DEL-PUESTO-DE-JEFE-DEL-RGANO-DE-CONTROL-INSTITUCIONAL-DE-EMILIMA.html]
[cmsapi.emilima.com.pe/api/files/BNBoWO8My3yDAIpHKiimUxZoygh2WahNbip4QEp5.png]
[www.munipozuzo.com.pe/prensa/comunicados/DESIGNACIN-TEMPORAL-DEL-PUESTO-DE-JEFE-DEL-RGANO-DE-CONTROL-INSTITUCIONAL-DEL-OCI-DE-EMILIMA.html]
[cmsapi.emilima.com.pe/api/files/0FbneT54VQ4cFoy7m4vmKB82W5Ac5FDA7HoE243X.png]
[www.munipozuzo.com.pe/prensa/comunicados/HORARIO-DE-ATENCIN-DE-MESA-DE-PARTES.html]
[cmsapi.emilima.com.pe/api/files/bigYoPvw9nNH8MJm9cbRUMjgiZAK5pGcP03igeaX.png]
[www.munipozuzo.com.pe/prensa/comunicados/SUBASTA-PBLICA-2021.html]
[cmsapi.emilima.com.pe/api/files/GeoxCO7SrVP3sp9sz29JZsdfUZRJmMSJGvGaNMr3.png]
[www.munipozuzo.com.pe/prensa/comunicados/BIENES-RAEE-PARA-DONACIN.html]
[cmsapi.emilima.com.pe/api/files/3vz3vgKmdPLeUsqTxjn6YLS9vWFxHnDOMlpeEc6t.png]
[www.munipozuzo.com.pe/prensa/comunicados/designacin-del-puesto-de-jefe-del-rgano-de-control-institucional-de-emilima-1.html]
[cmsapi.emilima.com.pe/api/files/KXWccZJrpGQV9ktfxMB4TYHqXexbTw0KIrnz3M3M.png]
[www.munipozuzo.com.pe/prensa/comunicados/acciones-adoptadas-por-emilima-s-a-en-virtud-al-decreto-legislativo-1256.html]
[cmsapi.emilima.com.pe/api/files/uocWBY1Pu5Gwuk1lJzmOrfK4jTPnrz1s3vQjwryA.png]
[www.munipozuzo.com.pe/prensa/comunicados/Medida-correctiva-en-cumplimiento-a-lo-dispuesto-en-el-numeral.html]
[www.munipozuzo.com.pe/prensa/comunicados/SUBASTA-PUBLICA-DE-ARRENDAMIENTO-N001-2019-EMILIMA-S.A.html]
[cmsapi.emilima.com.pe/api/files/img05034020190709170107.jpg]
[cmsapi.emilima.com.pe/api/files/subasta-ARRENDAMIENTO.jpg]
[www.munipozuzo.com.pe/prensa/comunicados/REGLAMENTO-DE ORGANIZACIONES-Y-FUNCIONES-DE-LA-EMPRESA-MUNICIPAL-INMOBILIARIA-DE-LIMA-EMILIMA-S.A.html]
[cmsapi.emilima.com.pe/api/files/Comunicado-ROF-2019-_1-Kelly-Llocclla-Garcia.jpg]
[cmsapi.emilima.com.pe/api/files/Comunicado-medidas-de-austeridad-Kelly-Llocclla-Garcia.jpg]
[www.munipozuzo.com.pe/prensa/comunicados/ACUERDO-N-01-2019/25S.html]
[www.munipozuzo.com.pe/prensa/comunicados/ASESORAMIENTO-Y-ATENCION-A-CONSULTAS-DE-LA-ENTIDAD.html]
[cmsapi.emilima.com.pe/api/files/comunicado-de-asesoramiento-Kelly-Llocclla-Garcia.jpg]
[www.munipozuzo.com.pe/prensa/comunicados/MESA-DE-PARTES-VIRTUAL.html]
[cmsapi.emilima.com.pe/api/files/comuni1-Vanessa-Cabada-Franco.png]
[www.munipozuzo.com.pe/prensa/comunicados/suspensin-de-la-subasta-pblica-n-001-2022-emilima.html]
[www.munipozuzo.com.pe/transparencia/datos-generales/favicon.html]
[www.munipozuzo.com.pe/app/assets/table-master/jstable.css]
[www.munipozuzo.com.pe/transparencia/acerca-de-nosotros.html]
[www.munipozuzo.com.pe/transparencia/estructura-organica.html]
[www.munipozuzo.com.pe/transparencia/funcionarios.html]
[cmsapi.emilima.com.pe/api/files/oFbs6p7brPvBgxTL0uKONgIi2NUHQc7xcH50iAvh.png]
[www.munipozuzo.com.pe/transparencia/servicios/administracion-y-saneamiento-de-inmuebles.html]
[www.munipozuzo.com.pe/transparencia/subastas/subasta.html]
[www.munipozuzo.com.pe/transparencia/servicios/desarrollo-tecnologico.html]
[www.munipozuzo.com.pe/transparencia/servicios/obras.html]
[www.munipozuzo.com.pe/transparencia/servicios/fondo-editorial.html]
[www.munipozuzo.com.pe/transparencia/planeamiento-y-organizacion/favicon.html]
[www.munipozuzo.com.pe/transparencia/informacin-presupuestal/favicon.html]
[www.munipozuzo.com.pe/prensa/notas-de-prensa/favicon.html]
[www.munipozuzo.com.pe/app/assets/markdown/markdown.css]
[www.munipozuzo.com.pe/prensa/notas-de-prensaemilima-subastar-39-lotes-de-terrenos-en-6-distritos-de-lima-metropolitana.html]
[www.munipozuzo.com.pe/prensa/acerca-de-nosotros.html]
[www.munipozuzo.com.pe/prensa/estructura-organica.html]
[www.munipozuzo.com.pe/prensa/funcionarios.html]
[www.munipozuzo.com.pe/prensa/servicios/administracion-y-saneamiento-de-inmuebles.html]
[www.munipozuzo.com.pe/prensa/subastas/subasta.html]
[www.munipozuzo.com.pe/prensa/servicios/desarrollo-tecnologico.html]
[www.munipozuzo.com.pe/prensa/servicios/obras.html]
[www.munipozuzo.com.pe/prensa/servicios/fondo-editorial.html]
[www.munipozuzo.com.pe/prensa/notas-de-prensateatro-manuel-a-segura-otra-joya-arquitectnica-de-lima-abre-sus-puertas.html]
[www.munipozuzo.com.pe/prensa/notas-de-prensaCERCADO_-EMILIMA-ENTREGA-DOS-NUEVAS-ESCULTURAS-DE-ARTE-MODERNO.html]
[www.munipozuzo.com.pe/prensa/notas-de-prensaEMILIMA-REALIZAR-SUBASTA-PBLICA-DE-ARRENDAMIENTO-DE-CINCO-INMUEBLES.html]
[www.munipozuzo.com.pe/prensa/notas-de-prensa“LIMA.html]
[www.munipozuzo.com.pe/prensa/notas-de-prensaemilima-recibe-reconocimiento-por-implementar-los-protocolos-de-bioseguridad-en-el-circuito-mgico.html]
[www.munipozuzo.com.pe/servicios/desarrollo-tecnologico/favicon.html]
[www.munipozuzo.com.pe/servicios/desarrollo-tecnológico/mercado-de-lima.html]
[www.munipozuzo.com.pe/app/assets/img/celular-01.svg]
[www.munipozuzo.com.pe/servicios/estructura-organica.html]
[www.munipozuzo.com.pe/servicios/funcionarios.html]
[www.munipozuzo.com.pe/servicios/servicios/administracion-y-saneamiento-de-inmuebles.html]
[www.munipozuzo.com.pe/servicios/subastas/subasta.html]
[www.munipozuzo.com.pe/servicios/servicios/desarrollo-tecnologico.html]
[www.munipozuzo.com.pe/servicios/servicios/obras.html]
[www.munipozuzo.com.pe/servicios/servicios/fondo-editorial.html]
[www.munipozuzo.com.pe/servicios/desarrollo-tecnológico/entradas-lima.html]
[www.munipozuzo.com.pe/funcionarios/favicon.html]
[www.munipozuzo.com.pe/app/assets/css/maps.css]
[www.munipozuzo.com.pe/servicios/desarrollo-tecnológico/tienda-emilima.html]
[www.munipozuzo.com.pe/servicios/desarrollo-tecnológico/gobierno-abierto-y-compromisos-del-alcalde.html]
[www.munipozuzo.com.pe/servicios/desarrollo-tecnológico/visita-lima.html]
[www.munipozuzo.com.pe/app/assets/img/projects/desarrollo/visita-lima/logo.svg]
[www.munipozuzo.com.pe/servicios/desarrollo-tecnológico/ods-ciudades.html]
[www.munipozuzo.com.pe/servicios/obras/favicon.html]
[www.munipozuzo.com.pe/app/assets/progress-bar/jQuery-plugin-progressbar.css]
[www.munipozuzo.com.pe/servicios/obras/servicios/obras.html]
[www.munipozuzo.com.pe/servicios/obras/servicios/obras/tipos.html]
[cmsapi.emilima.com.pe/api/files/nD8MCn3Z4HmcEhrH1C1mu1JmHpDDhzoULNH9q2cj.jpg]
[cmsapi.emilima.com.pe/api/files/2zGzZ6GfRwlMs9wvYXxNM0vxQP5srfiTf2Y6eIjh.jpg]
[cmsapi.emilima.com.pe/api/files/zfbLMr1CLAMKMyQxBtu9BuM8U8YosK7D4adjzEZ5.jpg]
[www.munipozuzo.com.pe/servicios/obras/MEJORAMIENTO-Y-RECUPERACIN-DEL-PARQUE-DE-LA-RESERVA.html]
[cmsapi.emilima.com.pe/api/files/4uZ1jwuy4bgo7c8bt8TTbeZnZ0ypOrmywZf57dJB.jpg]
[cmsapi.emilima.com.pe/api/files/yCypOyQkdm3bydn0VSn1MDAwoum7LS7QFz4gi08k.jpg]
[cmsapi.emilima.com.pe/api/files/VjaO4XMUDzL4N7xD4nDJLVj8bmR6ggLMzNIBOAxj.jpg]
[cmsapi.emilima.com.pe/api/files/KEZZps1JxvnHtvCGE3EMKHHetRUNmzXpNNoWe9YI.jpg]
[www.munipozuzo.com.pe/servicios/obras/RECUPERACIN-Y-MEJORAMIENTO-DE-LA-ALAMEDA-DE-LOS-DESCALZOS.html]
[cmsapi.emilima.com.pe/api/files/Jf9XeuR5ttUgRXas9MfTnvzZOSYI21Gca9HRc05e.jpg]
[cmsapi.emilima.com.pe/api/files/dgGCqMEcTenEU0vK0rkdHIUTgFiq1JmTPvhw6Mb1.jpg]
[cmsapi.emilima.com.pe/api/files/yLonZOZnoZ2ekzNNsV8WQKgd3v55u32DnxldWm4w.jpg]
[cmsapi.emilima.com.pe/api/files/aC32sWwn43MBvNTI4jXrtKQESqewinI7PphTOok2.jpg]
[cmsapi.emilima.com.pe/api/files/cNGzqbcBNdbgnjWd95hFAlviD8xL0GcuLqEx0Mpt.jpg]
[www.munipozuzo.com.pe/servicios/obras/RESTAURACIN-Y-PUESTA-EN-VALOR-DE-LA-CASA-BODEGA-Y-QUADRA.html]
[cmsapi.emilima.com.pe/api/files/aIiv1z44DSW7yMddA7SvPbONjt2VUN0b6XUGKdPs.jpg]
[cmsapi.emilima.com.pe/api/files/uxwhltNT1GZXGiZ5GWUm3NZnq0VAETb5ChMLk6Hf.jpg]
[cmsapi.emilima.com.pe/api/files/qooz88QdoxNUFT20BCt3efysH9Z4JNHoZZ2vTHoH.jpg]
[cmsapi.emilima.com.pe/api/files/Gi75a6cAE0qU0kIqLKn2nZ5EAe210ByIaekl9mO7.jpg]
[www.munipozuzo.com.pe/servicios/obras/EL-CONJUNTO-HABITACIONAL-LOS-PATIOS-DE-FELIPE-PINLGO-“CAÑETE-100”.html]
[www.munipozuzo.com.pe/prensa/notas-de-prensaEMILIMA-REALIZAR-SUBASTA-PBLICA-DE-ARRENDAMIENTO-DE-12-INMUEBLES-UBICADOS-EN-EL-CERCADO.html]
[www.munipozuzo.com.pe/prensa/notas-de-prensaFAN-FEST-2021-SE-REALIZ-DE-MANERA-EXITOSA-EN-EL-CIRCUITO-MGICO-DEL-AGUA.html]
[www.munipozuzo.com.pe/prensa/notas-de-prensaFondo-editorial-de-Emilima-presenta-«El-Jirn-de-Abraham»-en-la-sexta-Feria-Metropolitana-del-Libro-Lima-Lee.html]
[www.munipozuzo.com.pe/prensa/notas-de-prensaREGRESAN-LOS-CONCIERTOS-PRESENCIALES-EN-EL-PARQUE-DE-LA-EXPOSICIN.html]
[www.munipozuzo.com.pe/prensa/notas-de-prensaDISFRUTA-DEL-PRIMER-CONCIERTO-PRESENCIAL-EN-EL-CIRCUITO-MGICO-DEL-AGUA-CON-LIBIDO.html]
[www.munipozuzo.com.pe/prensa/notas-de-prensaREGRESA-ESPECTCULO-PRESENCIAL-MULTIMEDIA-AL-CIRCUITO-MGICO-DEL-AGUA.html]
[www.munipozuzo.com.pe/prensa/notas-de-prensaPARQUE-DE-LA-EXPOSICIN_-MML-ENTREGA-RENOVADA-FUENTE-CHINA-CON-100-AÑOS-DE-ANTIGÜEDAD.html]
[www.munipozuzo.com.pe/prensa/notas-de-prensaMUNICIPALIDAD-DE-LIMA-REALIZ-CON-XITO-LA-VENTA-DE-39-TERRENOS-A-TRAVS-DE-LA-SUBASTA-PBLICA-2021-DE-EMILIMA.html]
[www.munipozuzo.com.pe/prensa/notas-de-prensaMUNICIPALIDAD-DE-LIMA_-EMILIMA-DESINFECT-CONJUNTOS-HABITACIONALES-DEL-CERCADO.html]
[www.munipozuzo.com.pe/prensa/notas-de-prensaEMILIMA-SUBASTAR-39-LOTES-DE-TERRENOS-EN-COMAS,-CARABAYLLO-Y-PACHACMAC.html]
[www.munipozuzo.com.pe/prensa/notas-de-prensaENTREGA-DE-LA-OBRA-DE-RECUPERACIN-Y-MEJORAMIENTO-DEL-HISTRICO-HOSPICIO-MANRIQUE.html]
[www.munipozuzo.com.pe/prensa/notas-de-prensaENTRADAS-LIMA_-NUEVO-APP-PERMITE-COMPRAR-TICKETS-PARA-LOS-PRINCIPALES-PARQUES-Y-CENTROS-DE-ESPARCIMIENTO-DE-LA-MML.html]
[www.munipozuzo.com.pe/prensa/notas-de-prensaMUNICIPALIDAD-DE-LIMA_-FONDO-EDITORIAL-DE-EMILIMA-PRESENTA-“EL-BAUTIZO-DE-LA-COMETA”-DE-SUSANA-BACA.html]
[www.munipozuzo.com.pe/prensa/notas-de-prensaALBERGUE-DE-TODOS-ACOGE-A-19-FAMILIAS-DAMNIFICADAS-DE-INCENDIO-EN-ZONA-DE-MONSERRATE.html]
[www.munipozuzo.com.pe/prensa/notas-de-prensaLA-MUNICIPALIDAD-DE-LIMA-A-TRAVS-DE-EMILIMA-FIRMA-ACUERDO-CON-CANATUR-PARA-REACTIVAR-EL-TURISMO-EN-LA-CAPITAL.html]
[www.munipozuzo.com.pe/prensa/notas-de-prensamunicipalidad-de-lima-emilima-desinfect-conjuntos-habitacionales-y-brind-talleres-virtuales.html]
[www.munipozuzo.com.pe/prensa/notas-de-prensamunicipalidad-de-lima-emilima-presentar-el-libro-djame-que-te-cuente-los-100-aos-de-chabuca-granda-1.html]
[www.munipozuzo.com.pe/prensa/notas-de-prensael-circuito-mgico-del-agua-cumple-con-estrictos-protocolos-de-bioseguridad-tras-reapertura.html]
[cmsapi.emilima.com.pe/api/files/kXuFbQHplTJYiUFrO1P2eETthCQlNsEriLwn1tBX.jpg]
[www.munipozuzo.com.pe/prensa/comunicados/favicon.html]
[www.munipozuzo.com.pe/prensa/comunicadosPROCESO-DE-ELECCIN-DE-LOS-REPRESENTANTES-TITULARES-Y-SUPLENTES-DE-LOS-TRABAJADORES-DEL-COMIT-DE-SEGURIDAD-Y-SALUD-EN-EL-TRABAJO-DE-EMILIMA-S.A.html]
[www.munipozuzo.com.pe/prensa/comunicadosNEUTRALIDAD-DE-FUNCIONARIOS-Y-SERVIDORES-PBLICOS-DURANTE-EL-PROCESO-ELECTORAL-2021.html]
[www.munipozuzo.com.pe/prensa/comunicadosDESIGNACIN-DEL-PUESTO-DE-JEFE-DEL-RGANO-DE-CONTROL-INSTITUCIONAL-DE-EMILIMA.html]
[www.munipozuzo.com.pe/prensa/comunicadosDESIGNACIN-TEMPORAL-DEL-PUESTO-DE-JEFE-DEL-RGANO-DE-CONTROL-INSTITUCIONAL-DEL-OCI-DE-EMILIMA.html]
[www.munipozuzo.com.pe/prensa/comunicadosHORARIO-DE-ATENCIN-DE-MESA-DE-PARTES.html]
[www.munipozuzo.com.pe/prensa/comunicadosSUBASTA-PBLICA-2021.html]
[www.munipozuzo.com.pe/prensa/comunicadosBIENES-RAEE-PARA-DONACIN.html]
[www.munipozuzo.com.pe/prensa/comunicadosdesignacin-del-puesto-de-jefe-del-rgano-de-control-institucional-de-emilima-1.html]
[www.munipozuzo.com.pe/prensa/comunicadosacciones-adoptadas-por-emilima-s-a-en-virtud-al-decreto-legislativo-1256.html]
[www.munipozuzo.com.pe/prensa/comunicadosMedida-correctiva-en-cumplimiento-a-lo-dispuesto-en-el-numeral.html]
[www.munipozuzo.com.pe/prensa/comunicadosSUBASTA-PUBLICA-DE-ARRENDAMIENTO-N001-2019-EMILIMA-S.A.html]
[www.munipozuzo.com.pe/prensa/comunicadosREGLAMENTO-DE ORGANIZACIONES-Y-FUNCIONES-DE-LA-EMPRESA-MUNICIPAL-INMOBILIARIA-DE-LIMA-EMILIMA-S.A.html]
[www.munipozuzo.com.pe/prensa/comunicados/ACUERDO-N-01-2019/favicon.html]
[www.munipozuzo.com.pe/prensa/comunicados25S.html]
[cmsapi.emilima.com.pe/api/files/ybIe5SzK8Vl4qX8YpR9Evd374Gz1ycq3Y1wAaMSD.jpg]
[www.munipozuzo.com.pe/prensa/comunicados/acerca-de-nosotros.html]
[www.munipozuzo.com.pe/prensa/comunicados/estructura-organica.html]
[www.munipozuzo.com.pe/prensa/comunicados/funcionarios.html]
[www.munipozuzo.com.pe/prensa/comunicados/servicios/administracion-y-saneamiento-de-inmuebles.html]
[www.munipozuzo.com.pe/prensa/comunicados/subastas/subasta.html]
[www.munipozuzo.com.pe/prensa/comunicados/servicios/desarrollo-tecnologico.html]
[www.munipozuzo.com.pe/prensa/comunicados/servicios/obras.html]
[www.munipozuzo.com.pe/prensa/comunicados/servicios/fondo-editorial.html]
[www.munipozuzo.com.pe/prensa/comunicadosASESORAMIENTO-Y-ATENCION-A-CONSULTAS-DE-LA-ENTIDAD.html]
[www.munipozuzo.com.pe/prensa/comunicadosMESA-DE-PARTES-VIRTUAL.html]
[www.munipozuzo.com.pe/prensa/comunicadossuspensin-de-la-subasta-pblica-n-001-2022-emilima.html]
[www.munipozuzo.com.pe/transparencia/index.html]
[www.munipozuzo.com.pe/transparencia/servicios/favicon.html]
[www.munipozuzo.com.pe/transparencia/subastas/favicon.html]
[www.munipozuzo.com.pe/prensa/notas-de-prensafavicon.html]
[www.munipozuzo.com.pe/app/assets/markdown/fonts/mdeditor05b6.html]
[www.munipozuzo.com.pe/app/assets/markdown/fonts/mdeditord41d.html]
[www.munipozuzo.com.pe/app/assets/markdown/fonts/mdeditor05b6-2.html]
[www.munipozuzo.com.pe/app/assets/markdown/fonts/mdeditor05b6-3.html]
[www.munipozuzo.com.pe/app/assets/markdown/fonts/mdeditor05b6-4.html]
[www.munipozuzo.com.pe/servicios/desarrollo-tecnológico/index.html]
[www.munipozuzo.com.pe/app/assets/img/cma.jpg]
[www.munipozuzo.com.pe/app/assets/img/coleccion-1.png]
[www.munipozuzo.com.pe/app/assets/img/emilima-fachada-completa.png]
[www.munipozuzo.com.pe/app/assets/img/emilima-fachada.png]
[www.munipozuzo.com.pe/app/assets/img/estructura-organica.png]
[www.munipozuzo.com.pe/app/assets/img/fondo-editorial.png]
[www.munipozuzo.com.pe/app/assets/img/foto-subasta.png]
[www.munipozuzo.com.pe/app/assets/img/jiron-abraham.png]
[www.munipozuzo.com.pe/app/assets/img/libro-1.png]
[www.munipozuzo.com.pe/app/assets/img/logo-emilima-blanco.png]
[www.munipozuzo.com.pe/app/assets/img/logo-municipalidad-blanco.png]
[www.munipozuzo.com.pe/app/assets/img/logo-municipalidad-color.png]
[www.munipozuzo.com.pe/app/assets/img/memoria-anual.png]
[www.munipozuzo.com.pe/app/assets/img/noticia.png]
[www.munipozuzo.com.pe/app/assets/img/obras-parte-final.png]
[www.munipozuzo.com.pe/app/assets/img/parque-exposicion.jpg]
[www.munipozuzo.com.pe/app/assets/img/personajes-y-barrios-de-lima.png]
[www.munipozuzo.com.pe/app/assets/img/portada-1.png]
[www.munipozuzo.com.pe/app/assets/img/portada-2.png]
[www.munipozuzo.com.pe/app/assets/img/portada-prensa.jpg]
[www.munipozuzo.com.pe/app/assets/img/predio-1.png]
[www.munipozuzo.com.pe/app/assets/img/predio-2.png]
[www.munipozuzo.com.pe/app/assets/img/sergio-meza.png]
[www.munipozuzo.com.pe/app/assets/img/subasta-tipo-1.png]
[www.munipozuzo.com.pe/app/assets/img/subasta-tipo-2.png]
[www.munipozuzo.com.pe/app/assets/img/subastas-portada.png]
[www.munipozuzo.com.pe/app/assets/img/index.html]
[www.munipozuzo.com.pe/servicios/subastas/favicon.html]
[www.munipozuzo.com.pe/funcionarios/index.html]
[www.munipozuzo.com.pe/app/assets/img/muni2.html]
[www.munipozuzo.com.pe/app/assets/img/iconos/borde.html]
[www.munipozuzo.com.pe/servicios/obras/servicios/favicon.html]
[www.munipozuzo.com.pe/servicios/obras/acerca-de-nosotros.html]
[www.munipozuzo.com.pe/servicios/obras/estructura-organica.html]
[www.munipozuzo.com.pe/servicios/obras/funcionarios.html]
[www.munipozuzo.com.pe/servicios/obras/servicios/administracion-y-saneamiento-de-inmuebles.html]
[www.munipozuzo.com.pe/servicios/obras/subastas/subasta.html]
[www.munipozuzo.com.pe/servicios/obras/servicios/desarrollo-tecnologico.html]
[www.munipozuzo.com.pe/servicios/obras/servicios/fondo-editorial.html]
[www.munipozuzo.com.pe/servicios/obras/servicios/obras/favicon.html]
[www.munipozuzo.com.pe/servicios/obras/servicios/acerca-de-nosotros.html]
[www.munipozuzo.com.pe/servicios/obras/servicios/estructura-organica.html]
[www.munipozuzo.com.pe/servicios/obras/servicios/funcionarios.html]
[www.munipozuzo.com.pe/servicios/obras/servicios/servicios/administracion-y-saneamiento-de-inmuebles.html]
[www.munipozuzo.com.pe/servicios/obras/servicios/subastas/subasta.html]
[www.munipozuzo.com.pe/servicios/obras/servicios/servicios/desarrollo-tecnologico.html]
[www.munipozuzo.com.pe/servicios/obras/servicios/servicios/obras.html]
[www.munipozuzo.com.pe/servicios/obras/servicios/servicios/fondo-editorial.html]
[www.munipozuzo.com.pe/servicios/fondo-editorial/Personajes-y-Barrios-de-Lima.html]
[www.munipozuzo.com.pe/prensa/comunicadosfavicon.html]
[www.munipozuzo.com.pe/prensa/comunicadosacerca-de-nosotros.html]
[www.munipozuzo.com.pe/prensa/comunicadosestructura-organica.html]
[www.munipozuzo.com.pe/prensa/comunicadosfuncionarios.html]
[www.munipozuzo.com.pe/prensa/comunicados/servicios/favicon.html]
[www.munipozuzo.com.pe/prensa/comunicadosadministracion-y-saneamiento-de-inmuebles.html]
[www.munipozuzo.com.pe/prensa/comunicados/subastas/favicon.html]
[www.munipozuzo.com.pe/prensa/comunicadossubasta.html]
[www.munipozuzo.com.pe/prensa/comunicadosdesarrollo-tecnologico.html]
[www.munipozuzo.com.pe/prensa/comunicadosobras.html]
[www.munipozuzo.com.pe/prensa/comunicadosfondo-editorial.html]
[www.munipozuzo.com.pe/app/assets/img/indexc052.html]
[www.munipozuzo.com.pe/app/assets/img/indexf8a0.html]
[www.munipozuzo.com.pe/app/assets/img/indexbfec.html]
[www.munipozuzo.com.pe/app/assets/img/index30b5.html]
[www.munipozuzo.com.pe/app/assets/index.html]
[www.munipozuzo.com.pe/app/assets/img/icons/ALCANCE.png]
[www.munipozuzo.com.pe/app/assets/img/icons/CERTIFICACION.png]
[www.munipozuzo.com.pe/app/assets/img/icons/CODIGO.png]
[www.munipozuzo.com.pe/app/assets/img/icons/DENUNCIAS.png]
[www.munipozuzo.com.pe/app/assets/img/icons/ISO.png]
[www.munipozuzo.com.pe/app/assets/img/icons/OBJETIVO.png]
[www.munipozuzo.com.pe/app/assets/img/icons/POLITICA.png]
[www.munipozuzo.com.pe/app/assets/img/icons/QUE-ES.png]
[www.munipozuzo.com.pe/app/assets/img/icons/SIG-Denuncias.gif]
[www.munipozuzo.com.pe/app/assets/img/icons/consultoria.png]
[www.munipozuzo.com.pe/app/assets/img/icons/editorial.png]
[www.munipozuzo.com.pe/app/assets/img/icons/ejecuccion.png]
[www.munipozuzo.com.pe/app/assets/img/icons/enlace.png]
[www.munipozuzo.com.pe/app/assets/img/icons/etica.png]
[www.munipozuzo.com.pe/app/assets/img/icons/inmobiliaria.png]
[www.munipozuzo.com.pe/app/assets/img/icons/inmuebles.png]
[www.munipozuzo.com.pe/app/assets/img/icons/llamada-telefonica.png]
[www.munipozuzo.com.pe/app/assets/img/icons/responsabilidad.png]
[www.munipozuzo.com.pe/app/assets/img/icons/soborno1.png]
[www.munipozuzo.com.pe/app/assets/img/icons/soborno2.png]
[www.munipozuzo.com.pe/app/assets/img/icons/soborno3.png]
[www.munipozuzo.com.pe/app/assets/img/icons/soborno4.png]
[www.munipozuzo.com.pe/app/assets/img/icons/sobre.png]
[www.munipozuzo.com.pe/app/assets/img/icons/subasta.png]
[www.munipozuzo.com.pe/app/assets/img/icons/trabajo-en-equipo.png]
[www.munipozuzo.com.pe/app/assets/img/icons/index.html]
[www.munipozuzo.com.pe/app/assets/img/lima.svg]
[www.munipozuzo.com.pe/app/assets/img/projects/entradas-lima.png]
[www.munipozuzo.com.pe/app/assets/img/projects/mercado-lima.png]
[www.munipozuzo.com.pe/app/assets/img/projects/plazuela-antes.png]
[www.munipozuzo.com.pe/app/assets/img/projects/plazuela-despues.png]
[www.munipozuzo.com.pe/app/assets/img/projects/index.html]
[www.munipozuzo.com.pe/funcionarios/funcionarios.html]
[www.munipozuzo.com.pe/funcionarios/funcionarios/ricardo-edmundo-del-guila-morote-1.html]
[www.munipozuzo.com.pe/funcionarios/funcionarios/maritza-johanna-manturano-castro-2.html]
[www.munipozuzo.com.pe/funcionarios/funcionarios/carlos-coronado-santiago-3.html]
[www.munipozuzo.com.pe/funcionarios/funcionarios/mara-de-ftima-calagua-montoya.html]
[www.munipozuzo.com.pe/funcionarios/funcionarios/melissa-lidia-loli-espino-2.html]
[www.munipozuzo.com.pe/funcionarios/funcionarios/giancarlo-eduardo-snchez-donayre.html]
[www.munipozuzo.com.pe/funcionarios/funcionarios/nlida-renee-baca-vera-1.html]
[www.munipozuzo.com.pe/funcionarios/funcionarios/arturo-franco-solano-ochoa-2.html]
[www.munipozuzo.com.pe/funcionarios/funcionarios/flor-noemi-quiones-torres.html]
[www.munipozuzo.com.pe/funcionarios/funcionarios/sofia-magali-aguayo-morales-7.html]
[www.munipozuzo.com.pe/funcionarios/funcionarios/yakelin-parra-horna-1.html]
[www.munipozuzo.com.pe/funcionarios/funcionarios/evelyn-fiorella-huerta-romero-3.html]
[www.munipozuzo.com.pe/funcionarios/funcionarios/nohely-katiuska-uchofen-cuba-1.html]
[www.munipozuzo.com.pe/funcionarios/funcionarios/jorge-luis-herrera-ordoez-1.html]
[www.munipozuzo.com.pe/funcionarios/funcionarios/renzo-magdaleno-rojas-espinoza-1.html]
[www.munipozuzo.com.pe/funcionarios/funcionarios/rosario-espinoza-loyola-1.html]
[www.munipozuzo.com.pe/servicios/obras/subastas/favicon.html]
[www.munipozuzo.com.pe/servicios/obras/servicios/servicios/favicon.html]
[www.munipozuzo.com.pe/servicios/obras/servicios/subastas/favicon.html]
[www.munipozuzo.com.pe/app/assets/img/indexb70a.html]
[www.munipozuzo.com.pe/app/assets/img/index72c9.html]
[www.munipozuzo.com.pe/app/assets/img/index5851.html]
[www.munipozuzo.com.pe/app/assets/img/indexad3f.html]
[www.munipozuzo.com.pe/app/assets/indexc052.html]
[www.munipozuzo.com.pe/app/assets/indexf8a0.html]
[www.munipozuzo.com.pe/app/assets/indexbfec.html]
[www.munipozuzo.com.pe/app/assets/index30b5.html]
[www.munipozuzo.com.pe/app/index.html]
[www.munipozuzo.com.pe/app/assets/Three.js/index.html]
[www.munipozuzo.com.pe/app/assets/apexcharts/apexcharts.amd.262.delayed]
[www.munipozuzo.com.pe/app/assets/apexcharts/apexcharts.amd.js.LICENSE.txt]
[www.munipozuzo.com.pe/app/assets/apexcharts/apexcharts.common.js]
[www.munipozuzo.com.pe/app/assets/apexcharts/apexcharts.esm.js]
[www.munipozuzo.com.pe/app/assets/apexcharts/apexcharts.js]
[www.munipozuzo.com.pe/app/assets/apexcharts/index.html]
[www.munipozuzo.com.pe/app/assets/css/index.html]
[www.munipozuzo.com.pe/app/assets/fonts/index.html]
[www.munipozuzo.com.pe/app/assets/jQuery/index.html]
[www.munipozuzo.com.pe/app/assets/js/index.html]
[www.munipozuzo.com.pe/app/assets/markdown/index.html]
[www.munipozuzo.com.pe/app/assets/progress-bar/index.html]
[www.munipozuzo.com.pe/app/assets/swiper/swiper.bundle.min.js]
[www.munipozuzo.com.pe/app/assets/swiper/index.html]
[www.munipozuzo.com.pe/app/assets/table-master/index.html]
[www.munipozuzo.com.pe/app/assets/vue/index.html]
[www.munipozuzo.com.pe/app/assets/img/icons/indexc052.html]
[www.munipozuzo.com.pe/app/assets/img/icons/indexf8a0.html]
[www.munipozuzo.com.pe/app/assets/img/icons/indexbfec.html]
[www.munipozuzo.com.pe/app/assets/img/icons/index30b5.html]
[www.munipozuzo.com.pe/app/assets/img/projects/indexc052.html]
[www.munipozuzo.com.pe/app/assets/img/projects/indexf8a0.html]
[www.munipozuzo.com.pe/app/assets/img/projects/indexbfec.html]
[www.munipozuzo.com.pe/app/assets/img/projects/index30b5.html]
[www.munipozuzo.com.pe/app/assets/img/projects/desarrollo/index.html]
[www.munipozuzo.com.pe/funcionarios/funcionarios/favicon.html]
[www.munipozuzo.com.pe/funcionarios/acerca-de-nosotros.html]
[www.munipozuzo.com.pe/funcionarios/estructura-organica.html]
[www.munipozuzo.com.pe/funcionarios/servicios/administracion-y-saneamiento-de-inmuebles.html]
[www.munipozuzo.com.pe/funcionarios/subastas/subasta.html]
[www.munipozuzo.com.pe/funcionarios/servicios/desarrollo-tecnologico.html]
[www.munipozuzo.com.pe/funcionarios/servicios/obras.html]
[www.munipozuzo.com.pe/funcionarios/servicios/fondo-editorial.html]
[www.munipozuzo.com.pe/app/assets/indexb70a.html]
[www.munipozuzo.com.pe/app/assets/index72c9.html]
[www.munipozuzo.com.pe/app/assets/index5851.html]
[www.munipozuzo.com.pe/app/assets/indexad3f.html]
[www.munipozuzo.com.pe/app/indexc052.html]
[www.munipozuzo.com.pe/app/indexf8a0.html]
[www.munipozuzo.com.pe/app/indexbfec.html]
[www.munipozuzo.com.pe/app/index30b5.html]
[www.munipozuzo.com.pe/app/common/index.html]
[www.munipozuzo.com.pe/app/components/index.html]
[www.munipozuzo.com.pe/app/data/index.html]
[www.munipozuzo.com.pe/app/json/inmuebles.json]
[www.munipozuzo.com.pe/app/json/marco-legal.json]
[www.munipozuzo.com.pe/app/json/menu.json]
[www.munipozuzo.com.pe/app/json/projects.json]
[www.munipozuzo.com.pe/app/json/index.html]
[www.munipozuzo.com.pe/app/models/index.html]
[www.munipozuzo.com.pe/app/services/index.html]
[www.munipozuzo.com.pe/app/views/index.html]
[www.munipozuzo.com.pe/app/wp-content/index.html]
[www.munipozuzo.com.pe/app/assets/Three.js/indexc052.html]
[www.munipozuzo.com.pe/app/assets/Three.js/indexf8a0.html]
[www.munipozuzo.com.pe/app/assets/Three.js/indexbfec.html]
[www.munipozuzo.com.pe/app/assets/Three.js/index30b5.html]
[www.munipozuzo.com.pe/app/assets/apexcharts/indexc052.html]
[www.munipozuzo.com.pe/app/assets/apexcharts/indexf8a0.html]
[www.munipozuzo.com.pe/app/assets/apexcharts/indexbfec.html]
[www.munipozuzo.com.pe/app/assets/apexcharts/index30b5.html]
[www.munipozuzo.com.pe/app/assets/apexcharts/locales/ar.json]
[www.munipozuzo.com.pe/app/assets/apexcharts/locales/ca.json]
[www.munipozuzo.com.pe/app/assets/apexcharts/locales/cs.json]
[www.munipozuzo.com.pe/app/assets/apexcharts/locales/de.json]
[www.munipozuzo.com.pe/app/assets/apexcharts/locales/el.json]
[www.munipozuzo.com.pe/app/assets/apexcharts/locales/en.json]
[www.munipozuzo.com.pe/app/assets/apexcharts/locales/es.json]
[www.munipozuzo.com.pe/app/assets/apexcharts/locales/fa.json]
[www.munipozuzo.com.pe/app/assets/apexcharts/locales/fi.json]
[www.munipozuzo.com.pe/app/assets/apexcharts/locales/fr.json]
[www.munipozuzo.com.pe/app/assets/apexcharts/locales/he.json]
[www.munipozuzo.com.pe/app/assets/apexcharts/locales/hi.json]
[www.munipozuzo.com.pe/app/assets/apexcharts/locales/hr.json]
[www.munipozuzo.com.pe/app/assets/apexcharts/locales/hu.json]
[www.munipozuzo.com.pe/app/assets/apexcharts/locales/hy.json]
[www.munipozuzo.com.pe/app/assets/apexcharts/locales/id.json]
[www.munipozuzo.com.pe/app/assets/apexcharts/locales/it.json]
[www.munipozuzo.com.pe/app/assets/apexcharts/locales/ja.json]
[www.munipozuzo.com.pe/app/assets/apexcharts/locales/ka.json]
[www.munipozuzo.com.pe/app/assets/apexcharts/locales/ko.json]
[www.munipozuzo.com.pe/app/assets/apexcharts/locales/lt.json]
[www.munipozuzo.com.pe/app/assets/apexcharts/locales/nb.json]
[www.munipozuzo.com.pe/app/assets/apexcharts/locales/nl.json]
[www.munipozuzo.com.pe/app/assets/apexcharts/locales/pl.json]
[www.munipozuzo.com.pe/app/assets/apexcharts/locales/pt-br.json]
[www.munipozuzo.com.pe/app/assets/apexcharts/locales/pt.json]
[www.munipozuzo.com.pe/app/assets/apexcharts/locales/rs.json]
[www.munipozuzo.com.pe/app/assets/apexcharts/locales/ru.json]
[www.munipozuzo.com.pe/app/assets/apexcharts/locales/se.json]
[www.munipozuzo.com.pe/app/assets/apexcharts/locales/sk.json]
[www.munipozuzo.com.pe/app/assets/apexcharts/locales/sl.json]
[www.munipozuzo.com.pe/app/assets/apexcharts/locales/sq.json]
[www.munipozuzo.com.pe/app/assets/apexcharts/locales/th.json]
[www.munipozuzo.com.pe/app/assets/apexcharts/locales/tr.json]
[www.munipozuzo.com.pe/app/assets/apexcharts/locales/ua.json]
[www.munipozuzo.com.pe/app/assets/apexcharts/locales/zh-cn.json]
[www.munipozuzo.com.pe/app/assets/apexcharts/locales/index.html]
[www.munipozuzo.com.pe/app/assets/css/indexc052.html]
[www.munipozuzo.com.pe/app/assets/css/indexf8a0.html]
[www.munipozuzo.com.pe/app/assets/css/indexbfec.html]
[www.munipozuzo.com.pe/app/assets/css/index30b5.html]
[www.munipozuzo.com.pe/app/assets/fonts/indexc052.html]
[www.munipozuzo.com.pe/app/assets/fonts/indexf8a0.html]
[www.munipozuzo.com.pe/app/assets/fonts/indexbfec.html]
[www.munipozuzo.com.pe/app/assets/fonts/index30b5.html]
[www.munipozuzo.com.pe/app/assets/fonts/gotham/GothamRounded-BoldItalic.otf]
[www.munipozuzo.com.pe/app/assets/fonts/gotham/GothamRounded-Book.otf]
[www.munipozuzo.com.pe/app/assets/fonts/gotham/GothamRounded-BookItalic.otf]
[www.munipozuzo.com.pe/app/assets/fonts/gotham/GothamRounded-LightItalic.otf]
[www.munipozuzo.com.pe/app/assets/fonts/gotham/GothamRounded-MediumItalic.otf]
[www.munipozuzo.com.pe/app/assets/fonts/gotham/GothamRoundedBold_21016.ttf]
[www.munipozuzo.com.pe/app/assets/fonts/gotham/GothamRoundedBook_21018.ttf]
[www.munipozuzo.com.pe/app/assets/fonts/gotham/GothamRoundedLight_21020.ttf]
[www.munipozuzo.com.pe/app/assets/fonts/gotham/GothamRoundedMedium_21022.ttf]
[www.munipozuzo.com.pe/app/assets/fonts/gotham/Oxygen-Bold.ttf]
[www.munipozuzo.com.pe/app/assets/fonts/gotham/Oxygen-Light.ttf]
[www.munipozuzo.com.pe/app/assets/fonts/gotham/Oxygen-Regular.ttf]
[www.munipozuzo.com.pe/app/assets/fonts/gotham/index.html]
[www.munipozuzo.com.pe/app/assets/fonts/seravek/Seravek-BoldItalic.ttf]
[www.munipozuzo.com.pe/app/assets/fonts/seravek/Seravek-ExtraLightItalic.ttf]
[www.munipozuzo.com.pe/app/assets/fonts/seravek/Seravek-Italic.ttf]
[www.munipozuzo.com.pe/app/assets/fonts/seravek/Seravek-LightItalic.ttf]
[www.munipozuzo.com.pe/app/assets/fonts/seravek/Seravek-Medium.ttf]
[www.munipozuzo.com.pe/app/assets/fonts/seravek/Seravek-MediumItalic.ttf]
[www.munipozuzo.com.pe/app/assets/fonts/seravek/Seravek.ttf]
[www.munipozuzo.com.pe/app/assets/fonts/seravek/seravek-medium-cufonfonts.zip]
[www.munipozuzo.com.pe/app/assets/fonts/seravek/index.html]
[www.munipozuzo.com.pe/app/assets/jQuery/indexc052.html]
[www.munipozuzo.com.pe/app/assets/jQuery/indexf8a0.html]
[www.munipozuzo.com.pe/app/assets/jQuery/indexbfec.html]
[www.munipozuzo.com.pe/app/assets/jQuery/index30b5.html]
[www.munipozuzo.com.pe/app/assets/js/indexc052.html]
[www.munipozuzo.com.pe/app/assets/js/indexf8a0.html]
[www.munipozuzo.com.pe/app/assets/js/indexbfec.html]
[www.munipozuzo.com.pe/app/assets/js/index30b5.html]
[www.munipozuzo.com.pe/app/assets/markdown/indexc052.html]
[www.munipozuzo.com.pe/app/assets/markdown/indexf8a0.html]
[www.munipozuzo.com.pe/app/assets/markdown/indexbfec.html]
[www.munipozuzo.com.pe/app/assets/markdown/index30b5.html]
[www.munipozuzo.com.pe/app/assets/progress-bar/indexc052.html]
[www.munipozuzo.com.pe/app/assets/progress-bar/indexf8a0.html]
[www.munipozuzo.com.pe/app/assets/progress-bar/indexbfec.html]
[www.munipozuzo.com.pe/app/assets/progress-bar/index30b5.html]
[www.munipozuzo.com.pe/app/assets/swiper/indexc052.html]
[www.munipozuzo.com.pe/app/assets/swiper/indexf8a0.html]
[www.munipozuzo.com.pe/app/assets/swiper/indexbfec.html]
[www.munipozuzo.com.pe/app/assets/swiper/index30b5.html]
[www.munipozuzo.com.pe/app/assets/swiper/swiper.bundle.min.css]
[www.munipozuzo.com.pe/app/assets/table-master/indexc052.html]
[www.munipozuzo.com.pe/app/assets/table-master/indexf8a0.html]
[www.munipozuzo.com.pe/app/assets/table-master/indexbfec.html]
[www.munipozuzo.com.pe/app/assets/table-master/index30b5.html]
[www.munipozuzo.com.pe/app/assets/vue/indexc052.html]
[www.munipozuzo.com.pe/app/assets/vue/indexf8a0.html]
[www.munipozuzo.com.pe/app/assets/vue/indexbfec.html]
[www.munipozuzo.com.pe/app/assets/vue/index30b5.html]
[www.munipozuzo.com.pe/app/assets/img/icons/indexb70a.html]
[www.munipozuzo.com.pe/app/assets/img/icons/index72c9.html]
[www.munipozuzo.com.pe/app/assets/img/icons/index5851.html]
[www.munipozuzo.com.pe/app/assets/img/icons/indexad3f.html]
[www.munipozuzo.com.pe/app/assets/img/projects/indexb70a.html]
[www.munipozuzo.com.pe/app/assets/img/projects/index72c9.html]
[www.munipozuzo.com.pe/app/assets/img/projects/index5851.html]
[www.munipozuzo.com.pe/app/assets/img/projects/indexad3f.html]
[www.munipozuzo.com.pe/app/assets/img/projects/desarrollo/indexc052.html]
[www.munipozuzo.com.pe/app/assets/img/projects/desarrollo/indexf8a0.html]
[www.munipozuzo.com.pe/app/assets/img/projects/desarrollo/indexbfec.html]
[www.munipozuzo.com.pe/app/assets/img/projects/desarrollo/index30b5.html]
[www.munipozuzo.com.pe/app/assets/img/projects/desarrollo/entradas-lima/entradas-lima-banner.jpg]
[www.munipozuzo.com.pe/app/assets/img/projects/desarrollo/entradas-lima/mapa.webp]
[www.munipozuzo.com.pe/app/assets/img/projects/desarrollo/entradas-lima/mapas.webp]
[www.munipozuzo.com.pe/app/assets/img/projects/desarrollo/entradas-lima/index.html]
[www.munipozuzo.com.pe/app/assets/img/projects/desarrollo/gobierno-abierto/index.html]
[www.munipozuzo.com.pe/app/assets/img/projects/desarrollo/mercado-de-lima/index.html]
[www.munipozuzo.com.pe/app/assets/img/projects/desarrollo/ods-ciudades/index.html]
[www.munipozuzo.com.pe/app/assets/img/projects/desarrollo/tienda-emilima/index.html]
[www.munipozuzo.com.pe/app/assets/img/projects/desarrollo/visita-lima/index.html]
[www.munipozuzo.com.pe/funcionarios/servicios/favicon.html]
[www.munipozuzo.com.pe/funcionarios/subastas/favicon.html]
[www.munipozuzo.com.pe/app/indexb70a.html]
[www.munipozuzo.com.pe/app/index72c9.html]
[www.munipozuzo.com.pe/app/index5851.html]
[www.munipozuzo.com.pe/app/indexad3f.html]
[www.munipozuzo.com.pe/app/common/indexc052.html]
[www.munipozuzo.com.pe/app/common/indexf8a0.html]
[www.munipozuzo.com.pe/app/common/indexbfec.html]
[www.munipozuzo.com.pe/app/common/index30b5.html]
[www.munipozuzo.com.pe/app/common/CallToApi.html]
[www.munipozuzo.com.pe/app/components/indexc052.html]
[www.munipozuzo.com.pe/app/components/indexf8a0.html]
[www.munipozuzo.com.pe/app/components/indexbfec.html]
[www.munipozuzo.com.pe/app/components/index30b5.html]
[www.munipozuzo.com.pe/app/components/Footer.html]
[www.munipozuzo.com.pe/app/components/Head.html]
[www.munipozuzo.com.pe/app/components/Header.html]
[www.munipozuzo.com.pe/app/components/P404.html]
[www.munipozuzo.com.pe/app/components/Title.html]
[www.munipozuzo.com.pe/app/data/indexc052.html]
[www.munipozuzo.com.pe/app/data/indexf8a0.html]
[www.munipozuzo.com.pe/app/data/indexbfec.html]
[www.munipozuzo.com.pe/app/data/index30b5.html]
[www.munipozuzo.com.pe/app/data/config.html]
[www.munipozuzo.com.pe/app/data/inmuebles.html]
[www.munipozuzo.com.pe/app/data/marco-legal.html]
[www.munipozuzo.com.pe/app/data/menu.html]
[www.munipozuzo.com.pe/app/data/projects.html]
[www.munipozuzo.com.pe/app/json/indexc052.html]
[www.munipozuzo.com.pe/app/json/indexf8a0.html]
[www.munipozuzo.com.pe/app/json/indexbfec.html]
[www.munipozuzo.com.pe/app/json/index30b5.html]
[www.munipozuzo.com.pe/app/models/indexc052.html]
[www.munipozuzo.com.pe/app/models/indexf8a0.html]
[www.munipozuzo.com.pe/app/models/indexbfec.html]
[www.munipozuzo.com.pe/app/models/index30b5.html]
[www.munipozuzo.com.pe/app/models/AboutUsHome.html]
[www.munipozuzo.com.pe/app/models/AboutUsPg.html]
[www.munipozuzo.com.pe/app/models/AdministrationSanitationPg.html]
[www.munipozuzo.com.pe/app/models/Areas.html]
[www.munipozuzo.com.pe/app/models/Auctions.html]
[www.munipozuzo.com.pe/app/models/AuctionsPg.html]
[www.munipozuzo.com.pe/app/models/BasicInformation.html]
[www.munipozuzo.com.pe/app/models/CategoryAuction.html]
[www.munipozuzo.com.pe/app/models/Denunciations.html]
[www.munipozuzo.com.pe/app/models/DenunciationsInformations.html]
[www.munipozuzo.com.pe/app/models/DenunciationsQuestions.html]
[www.munipozuzo.com.pe/app/models/EditorialFunds.html]
[www.munipozuzo.com.pe/app/models/ExecutionPublicWorksPg.html]
[www.munipozuzo.com.pe/app/models/Finalities.html]
[www.munipozuzo.com.pe/app/models/LotsAuction.html]
[www.munipozuzo.com.pe/app/models/ManagedPublicPlaces.html]
[www.munipozuzo.com.pe/app/models/Officials.html]
[www.munipozuzo.com.pe/app/models/OfficialsPg.html]
[www.munipozuzo.com.pe/app/models/OrganicStructurePg.html]
[www.munipozuzo.com.pe/app/models/PgDenunciations.html]
[www.munipozuzo.com.pe/app/models/PopUp.html]
[www.munipozuzo.com.pe/app/models/PressNotes.html]
[www.munipozuzo.com.pe/app/models/PressNotesPg.html]
[www.munipozuzo.com.pe/app/models/Reel.html]
[www.munipozuzo.com.pe/app/models/Releases.html]
[www.munipozuzo.com.pe/app/models/ReleasesPg.html]
[www.munipozuzo.com.pe/app/models/SocialMedias.html]
[www.munipozuzo.com.pe/app/models/SomeProjects.html]
[www.munipozuzo.com.pe/app/models/TechnologicalDevelopmentsPg.html]
[www.munipozuzo.com.pe/app/models/Transparency.html]
[www.munipozuzo.com.pe/app/models/TransparencySubTypes.html]
[www.munipozuzo.com.pe/app/models/TransparencyTypes.html]
[www.munipozuzo.com.pe/app/models/Values.html]
[www.munipozuzo.com.pe/app/models/Works.html]
[www.munipozuzo.com.pe/app/services/indexc052.html]
[www.munipozuzo.com.pe/app/services/indexf8a0.html]
[www.munipozuzo.com.pe/app/services/indexbfec.html]
[www.munipozuzo.com.pe/app/services/index30b5.html]
[www.munipozuzo.com.pe/app/services/AboutUsHome.html]
[www.munipozuzo.com.pe/app/services/AboutUsPg.html]
[www.munipozuzo.com.pe/app/services/AdministrationSanitationPg.html]
[www.munipozuzo.com.pe/app/services/Areas.html]
[www.munipozuzo.com.pe/app/services/Auctions.html]
[www.munipozuzo.com.pe/app/services/AuctionsPg.html]
[www.munipozuzo.com.pe/app/services/BasicInformation.html]
[www.munipozuzo.com.pe/app/services/CategoryAuction.html]
[www.munipozuzo.com.pe/app/services/Denunciations.html]
[www.munipozuzo.com.pe/app/services/DenunciationsInformations.html]
[www.munipozuzo.com.pe/app/services/DenunciationsQuestions.html]
[www.munipozuzo.com.pe/app/services/EditorialFunds.html]
[www.munipozuzo.com.pe/app/services/ExecutionPublicWorksPg.html]
[www.munipozuzo.com.pe/app/services/Finalities.html]
[www.munipozuzo.com.pe/app/services/LotsAuctions.html]
[www.munipozuzo.com.pe/app/services/ManagedPublicPlaces.html]
[www.munipozuzo.com.pe/app/services/Officials.html]
[www.munipozuzo.com.pe/app/services/OfficialsPg.html]
[www.munipozuzo.com.pe/app/services/OrganicStructurePg.html]
[www.munipozuzo.com.pe/app/services/PgDenunciations.html]
[www.munipozuzo.com.pe/app/services/PopUp.html]
[www.munipozuzo.com.pe/app/services/PressNotes.html]
[www.munipozuzo.com.pe/app/services/PressNotesPg.html]
[www.munipozuzo.com.pe/app/services/Reel.html]
[www.munipozuzo.com.pe/app/services/Releases.html]
[www.munipozuzo.com.pe/app/services/ReleasesPg.html]
[www.munipozuzo.com.pe/app/services/SocialMedias.html]
[www.munipozuzo.com.pe/app/services/SomeAuctions.html]
[www.munipozuzo.com.pe/app/services/SomeProjects.html]
[www.munipozuzo.com.pe/app/services/TechnologicalDevelopmentsPg.html]
[www.munipozuzo.com.pe/app/services/Transparency.html]
[www.munipozuzo.com.pe/app/services/TransparencySubTypes.html]
[www.munipozuzo.com.pe/app/services/TransparencyTypes.html]
[www.munipozuzo.com.pe/app/services/Values.html]
[www.munipozuzo.com.pe/app/services/Works.html]
[www.munipozuzo.com.pe/app/views/indexc052.html]
[www.munipozuzo.com.pe/app/views/indexf8a0.html]
[www.munipozuzo.com.pe/app/views/indexbfec.html]
[www.munipozuzo.com.pe/app/views/index30b5.html]
[www.munipozuzo.com.pe/app/views/acerca-de-nosotros.html]
[www.munipozuzo.com.pe/app/views/contact.html]
[www.munipozuzo.com.pe/app/views/denuncias.html]
[www.munipozuzo.com.pe/app/views/error.html]
[www.munipozuzo.com.pe/app/views/estructura-organica.html]
[www.munipozuzo.com.pe/app/views/funcionario.html]
[www.munipozuzo.com.pe/app/views/funcionarios.html]
[www.munipozuzo.com.pe/app/views/home.html]
[www.munipozuzo.com.pe/app/views/map.html]
[www.munipozuzo.com.pe/app/views/marco-legal.html]
[www.munipozuzo.com.pe/app/views/transparencia.html]
[www.munipozuzo.com.pe/app/views/vista-desarrollo-tecnologico/index.html]
[www.munipozuzo.com.pe/app/views/vista-fondo-editorial/index.html]
[www.munipozuzo.com.pe/app/views/vista-obras/index.html]
[www.munipozuzo.com.pe/app/views/vista-prensa/index.html]
[www.munipozuzo.com.pe/app/views/vista-rubros/index.html]
[www.munipozuzo.com.pe/app/views/vista-subastas/index.html]
[www.munipozuzo.com.pe/app/wp-content/indexc052.html]
[www.munipozuzo.com.pe/app/wp-content/indexf8a0.html]
[www.munipozuzo.com.pe/app/wp-content/indexbfec.html]
[www.munipozuzo.com.pe/app/wp-content/index30b5.html]
[www.munipozuzo.com.pe/app/wp-content/uploads/index.html]
[www.munipozuzo.com.pe/app/assets/Three.js/indexb70a.html]
[www.munipozuzo.com.pe/app/assets/Three.js/index72c9.html]
[www.munipozuzo.com.pe/app/assets/Three.js/index5851.html]
[www.munipozuzo.com.pe/app/assets/Three.js/indexad3f.html]
[www.munipozuzo.com.pe/app/assets/apexcharts/indexb70a.html]
[www.munipozuzo.com.pe/app/assets/apexcharts/index72c9.html]
[www.munipozuzo.com.pe/app/assets/apexcharts/index5851.html]
[www.munipozuzo.com.pe/app/assets/apexcharts/indexad3f.html]
[www.munipozuzo.com.pe/app/assets/apexcharts/locales/indexc052.html]
[www.munipozuzo.com.pe/app/assets/apexcharts/locales/indexf8a0.html]
[www.munipozuzo.com.pe/app/assets/apexcharts/locales/indexbfec.html]
[www.munipozuzo.com.pe/app/assets/apexcharts/locales/index30b5.html]
[www.munipozuzo.com.pe/app/assets/css/indexb70a.html]
[www.munipozuzo.com.pe/app/assets/css/index72c9.html]
[www.munipozuzo.com.pe/app/assets/css/index5851.html]
[www.munipozuzo.com.pe/app/assets/css/indexad3f.html]
[www.munipozuzo.com.pe/app/assets/fonts/indexb70a.html]
[www.munipozuzo.com.pe/app/assets/fonts/index72c9.html]
[www.munipozuzo.com.pe/app/assets/fonts/index5851.html]
[www.munipozuzo.com.pe/app/assets/fonts/indexad3f.html]
[www.munipozuzo.com.pe/app/assets/fonts/gotham/indexc052.html]
[www.munipozuzo.com.pe/app/assets/fonts/gotham/indexf8a0.html]
[www.munipozuzo.com.pe/app/assets/fonts/gotham/indexbfec.html]
[www.munipozuzo.com.pe/app/assets/fonts/gotham/index30b5.html]
[www.munipozuzo.com.pe/app/assets/fonts/seravek/indexc052.html]
[www.munipozuzo.com.pe/app/assets/fonts/seravek/indexf8a0.html]
[www.munipozuzo.com.pe/app/assets/fonts/seravek/indexbfec.html]
[www.munipozuzo.com.pe/app/assets/fonts/seravek/index30b5.html]
[www.munipozuzo.com.pe/app/assets/jQuery/indexb70a.html]
[www.munipozuzo.com.pe/app/assets/jQuery/index72c9.html]
[www.munipozuzo.com.pe/app/assets/jQuery/index5851.html]
[www.munipozuzo.com.pe/app/assets/jQuery/indexad3f.html]
[www.munipozuzo.com.pe/app/assets/js/indexb70a.html]
[www.munipozuzo.com.pe/app/assets/js/index72c9.html]
[www.munipozuzo.com.pe/app/assets/js/index5851.html]
[www.munipozuzo.com.pe/app/assets/js/indexad3f.html]
[www.munipozuzo.com.pe/app/assets/markdown/indexb70a.html]
[www.munipozuzo.com.pe/app/assets/markdown/index72c9.html]
[www.munipozuzo.com.pe/app/assets/markdown/index5851.html]
[www.munipozuzo.com.pe/app/assets/markdown/indexad3f.html]
[www.munipozuzo.com.pe/app/assets/progress-bar/indexb70a.html]
[www.munipozuzo.com.pe/app/assets/progress-bar/index72c9.html]
[www.munipozuzo.com.pe/app/assets/progress-bar/index5851.html]
[www.munipozuzo.com.pe/app/assets/progress-bar/indexad3f.html]
[www.munipozuzo.com.pe/app/assets/swiper/indexb70a.html]
[www.munipozuzo.com.pe/app/assets/swiper/index72c9.html]
[www.munipozuzo.com.pe/app/assets/swiper/index5851.html]
[www.munipozuzo.com.pe/app/assets/swiper/indexad3f.html]
[www.munipozuzo.com.pe/app/assets/table-master/indexb70a.html]
[www.munipozuzo.com.pe/app/assets/table-master/index72c9.html]
[www.munipozuzo.com.pe/app/assets/table-master/index5851.html]
[www.munipozuzo.com.pe/app/assets/table-master/indexad3f.html]
[www.munipozuzo.com.pe/app/assets/vue/indexb70a.html]
[www.munipozuzo.com.pe/app/assets/vue/index72c9.html]
[www.munipozuzo.com.pe/app/assets/vue/index5851.html]
[www.munipozuzo.com.pe/app/assets/vue/indexad3f.html]
[www.munipozuzo.com.pe/app/assets/img/projects/desarrollo/indexb70a.html]
[www.munipozuzo.com.pe/app/assets/img/projects/desarrollo/index72c9.html]
[www.munipozuzo.com.pe/app/assets/img/projects/desarrollo/index5851.html]
[www.munipozuzo.com.pe/app/assets/img/projects/desarrollo/indexad3f.html]
[www.munipozuzo.com.pe/app/assets/img/projects/desarrollo/entradas-lima/indexc052.html]
[www.munipozuzo.com.pe/app/assets/img/projects/desarrollo/entradas-lima/indexf8a0.html]
[www.munipozuzo.com.pe/app/assets/img/projects/desarrollo/entradas-lima/indexbfec.html]
[www.munipozuzo.com.pe/app/assets/img/projects/desarrollo/entradas-lima/index30b5.html]
[www.munipozuzo.com.pe/app/assets/img/projects/desarrollo/gobierno-abierto/indexc052.html]
[www.munipozuzo.com.pe/app/assets/img/projects/desarrollo/gobierno-abierto/indexf8a0.html]
[www.munipozuzo.com.pe/app/assets/img/projects/desarrollo/gobierno-abierto/indexbfec.html]
[www.munipozuzo.com.pe/app/assets/img/projects/desarrollo/gobierno-abierto/index30b5.html]
[www.munipozuzo.com.pe/app/assets/img/projects/desarrollo/mercado-de-lima/indexc052.html]
[www.munipozuzo.com.pe/app/assets/img/projects/desarrollo/mercado-de-lima/indexf8a0.html]
[www.munipozuzo.com.pe/app/assets/img/projects/desarrollo/mercado-de-lima/indexbfec.html]
[www.munipozuzo.com.pe/app/assets/img/projects/desarrollo/mercado-de-lima/index30b5.html]
[www.munipozuzo.com.pe/app/assets/img/projects/desarrollo/ods-ciudades/indexc052.html]
[www.munipozuzo.com.pe/app/assets/img/projects/desarrollo/ods-ciudades/indexf8a0.html]
[www.munipozuzo.com.pe/app/assets/img/projects/desarrollo/ods-ciudades/indexbfec.html]
[www.munipozuzo.com.pe/app/assets/img/projects/desarrollo/ods-ciudades/index30b5.html]
[www.munipozuzo.com.pe/app/assets/img/projects/desarrollo/tienda-emilima/indexc052.html]
[www.munipozuzo.com.pe/app/assets/img/projects/desarrollo/tienda-emilima/indexf8a0.html]
[www.munipozuzo.com.pe/app/assets/img/projects/desarrollo/tienda-emilima/indexbfec.html]
[www.munipozuzo.com.pe/app/assets/img/projects/desarrollo/tienda-emilima/index30b5.html]
[www.munipozuzo.com.pe/app/assets/img/projects/desarrollo/visita-lima/indexc052.html]
[www.munipozuzo.com.pe/app/assets/img/projects/desarrollo/visita-lima/indexf8a0.html]
[www.munipozuzo.com.pe/app/assets/img/projects/desarrollo/visita-lima/indexbfec.html]
[www.munipozuzo.com.pe/app/assets/img/projects/desarrollo/visita-lima/index30b5.html]
[www.munipozuzo.com.pe/app/common/indexb70a.html]
[www.munipozuzo.com.pe/app/common/index72c9.html]
[www.munipozuzo.com.pe/app/common/index5851.html]
[www.munipozuzo.com.pe/app/common/indexad3f.html]
[www.munipozuzo.com.pe/app/components/indexb70a.html]
[www.munipozuzo.com.pe/app/components/index72c9.html]
[www.munipozuzo.com.pe/app/components/index5851.html]
[www.munipozuzo.com.pe/app/components/indexad3f.html]
[www.munipozuzo.com.pe/app/data/indexb70a.html]
[www.munipozuzo.com.pe/app/data/index72c9.html]
[www.munipozuzo.com.pe/app/data/index5851.html]
[www.munipozuzo.com.pe/app/data/indexad3f.html]
[www.munipozuzo.com.pe/app/json/indexb70a.html]
[www.munipozuzo.com.pe/app/json/index72c9.html]
[www.munipozuzo.com.pe/app/json/index5851.html]
[www.munipozuzo.com.pe/app/json/indexad3f.html]
[www.munipozuzo.com.pe/app/models/indexb70a.html]
[www.munipozuzo.com.pe/app/models/index72c9.html]
[www.munipozuzo.com.pe/app/models/index5851.html]
[www.munipozuzo.com.pe/app/models/indexad3f.html]
[www.munipozuzo.com.pe/app/services/indexb70a.html]
[www.munipozuzo.com.pe/app/services/index72c9.html]
[www.munipozuzo.com.pe/app/services/index5851.html]
[www.munipozuzo.com.pe/app/services/indexad3f.html]
[www.munipozuzo.com.pe/app/views/indexb70a.html]
[www.munipozuzo.com.pe/app/views/index72c9.html]
[www.munipozuzo.com.pe/app/views/index5851.html]
[www.munipozuzo.com.pe/app/views/indexad3f.html]
[www.munipozuzo.com.pe/app/views/favicon.html]
[www.munipozuzo.com.pe/app/views/acerca-de-nosotros-2.html]
[www.munipozuzo.com.pe/app/views/app/assets/img/icons/mision.html]
[www.munipozuzo.com.pe/app/views/app/assets/img/icons/vision.html]
[www.munipozuzo.com.pe/app/acerca-de-nosotros.html]
[www.munipozuzo.com.pe/app/estructura-organica.html]
[www.munipozuzo.com.pe/app/funcionarios.html]
[www.munipozuzo.com.pe/app/servicios/administracion-y-saneamiento-de-inmuebles.html]
[www.munipozuzo.com.pe/app/subastas/subasta.html]
[www.munipozuzo.com.pe/app/servicios/desarrollo-tecnologico.html]
[www.munipozuzo.com.pe/app/servicios/obras.html]
[www.munipozuzo.com.pe/app/servicios/fondo-editorial.html]
[www.munipozuzo.com.pe/app/views/denuncias-2.html]
[www.munipozuzo.com.pe/app/views/estructura-organica-2.html]
[www.munipozuzo.com.pe/app/views/funcionarios-2.html]
[www.munipozuzo.com.pe/app/views/vista-desarrollo-tecnologico/indexc052.html]
[www.munipozuzo.com.pe/app/views/vista-desarrollo-tecnologico/indexf8a0.html]
[www.munipozuzo.com.pe/app/views/vista-desarrollo-tecnologico/indexbfec.html]
[www.munipozuzo.com.pe/app/views/vista-desarrollo-tecnologico/index30b5.html]
[www.munipozuzo.com.pe/app/views/vista-desarrollo-tecnologico/proyecto.html]
[www.munipozuzo.com.pe/app/views/vista-fondo-editorial/indexc052.html]
[www.munipozuzo.com.pe/app/views/vista-fondo-editorial/indexf8a0.html]
[www.munipozuzo.com.pe/app/views/vista-fondo-editorial/indexbfec.html]
[www.munipozuzo.com.pe/app/views/vista-fondo-editorial/index30b5.html]
[www.munipozuzo.com.pe/app/views/vista-obras/indexc052.html]
[www.munipozuzo.com.pe/app/views/vista-obras/indexf8a0.html]
[www.munipozuzo.com.pe/app/views/vista-obras/indexbfec.html]
[www.munipozuzo.com.pe/app/views/vista-obras/index30b5.html]
[www.munipozuzo.com.pe/app/views/vista-obras/obra.html]
[www.munipozuzo.com.pe/app/views/vista-obras/tipos.html]
[www.munipozuzo.com.pe/app/views/vista-prensa/indexc052.html]
[www.munipozuzo.com.pe/app/views/vista-prensa/indexf8a0.html]
[www.munipozuzo.com.pe/app/views/vista-prensa/indexbfec.html]
[www.munipozuzo.com.pe/app/views/vista-prensa/index30b5.html]
[www.munipozuzo.com.pe/app/views/vista-prensa/comunicado.html]
[www.munipozuzo.com.pe/app/views/vista-prensa/comunicados.html]
[www.munipozuzo.com.pe/app/views/vista-prensa/nota-de-prensa.html]
[www.munipozuzo.com.pe/app/views/vista-prensa/notas-de-prensa.html]
[www.munipozuzo.com.pe/app/views/vista-rubros/indexc052.html]
[www.munipozuzo.com.pe/app/views/vista-rubros/indexf8a0.html]
[www.munipozuzo.com.pe/app/views/vista-rubros/indexbfec.html]
[www.munipozuzo.com.pe/app/views/vista-rubros/index30b5.html]
[www.munipozuzo.com.pe/app/views/vista-rubros/desarrollo-tecnologico.html]
[www.munipozuzo.com.pe/app/views/vista-rubros/fondo-editorial.html]
[www.munipozuzo.com.pe/app/views/vista-rubros/obras.html]
[www.munipozuzo.com.pe/app/views/vista-rubros/saneamiento-inmuebles.html]
[www.munipozuzo.com.pe/app/views/vista-rubros/subastas.html]
[www.munipozuzo.com.pe/app/views/vista-subastas/indexc052.html]
[www.munipozuzo.com.pe/app/views/vista-subastas/indexf8a0.html]
[www.munipozuzo.com.pe/app/views/vista-subastas/indexbfec.html]
[www.munipozuzo.com.pe/app/views/vista-subastas/index30b5.html]
[www.munipozuzo.com.pe/app/views/vista-subastas/listado.html]
[www.munipozuzo.com.pe/app/views/vista-subastas/subasta.html]
[www.munipozuzo.com.pe/app/wp-content/indexb70a.html]
[www.munipozuzo.com.pe/app/wp-content/index72c9.html]
[www.munipozuzo.com.pe/app/wp-content/index5851.html]
[www.munipozuzo.com.pe/app/wp-content/indexad3f.html]
[www.munipozuzo.com.pe/app/wp-content/uploads/indexc052.html]
[www.munipozuzo.com.pe/app/wp-content/uploads/indexf8a0.html]
[www.munipozuzo.com.pe/app/wp-content/uploads/indexbfec.html]
[www.munipozuzo.com.pe/app/wp-content/uploads/index30b5.html]
[www.munipozuzo.com.pe/app/wp-content/uploads/transp_archivos/index.html]
[www.munipozuzo.com.pe/app/assets/apexcharts/locales/indexb70a.html]
[www.munipozuzo.com.pe/app/assets/apexcharts/locales/index72c9.html]
[www.munipozuzo.com.pe/app/assets/apexcharts/locales/index5851.html]
[www.munipozuzo.com.pe/app/assets/apexcharts/locales/indexad3f.html]
[www.munipozuzo.com.pe/app/assets/fonts/gotham/indexb70a.html]
[www.munipozuzo.com.pe/app/assets/fonts/gotham/index72c9.html]
[www.munipozuzo.com.pe/app/assets/fonts/gotham/index5851.html]
[www.munipozuzo.com.pe/app/assets/fonts/gotham/indexad3f.html]
[www.munipozuzo.com.pe/app/assets/fonts/seravek/indexb70a.html]
[www.munipozuzo.com.pe/app/assets/fonts/seravek/index72c9.html]
[www.munipozuzo.com.pe/app/assets/fonts/seravek/index5851.html]
[www.munipozuzo.com.pe/app/assets/fonts/seravek/indexad3f.html]
[www.munipozuzo.com.pe/app/assets/img/projects/desarrollo/entradas-lima/indexb70a.html]
[www.munipozuzo.com.pe/app/assets/img/projects/desarrollo/entradas-lima/index72c9.html]
[www.munipozuzo.com.pe/app/assets/img/projects/desarrollo/entradas-lima/index5851.html]
[www.munipozuzo.com.pe/app/assets/img/projects/desarrollo/entradas-lima/indexad3f.html]
[www.munipozuzo.com.pe/app/assets/img/projects/desarrollo/gobierno-abierto/indexb70a.html]
[www.munipozuzo.com.pe/app/assets/img/projects/desarrollo/gobierno-abierto/index72c9.html]
[www.munipozuzo.com.pe/app/assets/img/projects/desarrollo/gobierno-abierto/index5851.html]
[www.munipozuzo.com.pe/app/assets/img/projects/desarrollo/gobierno-abierto/indexad3f.html]
[www.munipozuzo.com.pe/app/assets/img/projects/desarrollo/mercado-de-lima/indexb70a.html]
[www.munipozuzo.com.pe/app/assets/img/projects/desarrollo/mercado-de-lima/index72c9.html]
[www.munipozuzo.com.pe/app/assets/img/projects/desarrollo/mercado-de-lima/index5851.html]
[www.munipozuzo.com.pe/app/assets/img/projects/desarrollo/mercado-de-lima/indexad3f.html]
[www.munipozuzo.com.pe/app/assets/img/projects/desarrollo/ods-ciudades/indexb70a.html]
[www.munipozuzo.com.pe/app/assets/img/projects/desarrollo/ods-ciudades/index72c9.html]
[www.munipozuzo.com.pe/app/assets/img/projects/desarrollo/ods-ciudades/index5851.html]
[www.munipozuzo.com.pe/app/assets/img/projects/desarrollo/ods-ciudades/indexad3f.html]
[www.munipozuzo.com.pe/app/assets/img/projects/desarrollo/tienda-emilima/indexb70a.html]
[www.munipozuzo.com.pe/app/assets/img/projects/desarrollo/tienda-emilima/index72c9.html]
[www.munipozuzo.com.pe/app/assets/img/projects/desarrollo/tienda-emilima/index5851.html]
[www.munipozuzo.com.pe/app/assets/img/projects/desarrollo/tienda-emilima/indexad3f.html]
[www.munipozuzo.com.pe/app/assets/img/projects/desarrollo/visita-lima/indexb70a.html]
[www.munipozuzo.com.pe/app/assets/img/projects/desarrollo/visita-lima/index72c9.html]
[www.munipozuzo.com.pe/app/assets/img/projects/desarrollo/visita-lima/index5851.html]
[www.munipozuzo.com.pe/app/assets/img/projects/desarrollo/visita-lima/indexad3f.html]
[www.munipozuzo.com.pe/app/views/vista-desarrollo-tecnologico/indexb70a.html]
[www.munipozuzo.com.pe/app/views/vista-desarrollo-tecnologico/index72c9.html]
[www.munipozuzo.com.pe/app/views/vista-desarrollo-tecnologico/index5851.html]
[www.munipozuzo.com.pe/app/views/vista-desarrollo-tecnologico/indexad3f.html]
[www.munipozuzo.com.pe/app/views/vista-desarrollo-tecnologico/favicon.html]
[www.munipozuzo.com.pe/app/views/servicios/administracion-y-saneamiento-de-inmuebles.html]
[www.munipozuzo.com.pe/app/views/subastas/subasta.html]
[www.munipozuzo.com.pe/app/views/servicios/desarrollo-tecnologico.html]
[www.munipozuzo.com.pe/app/views/servicios/obras.html]
[www.munipozuzo.com.pe/app/views/servicios/fondo-editorial.html]
[www.munipozuzo.com.pe/app/views/vista-fondo-editorial/indexb70a.html]
[www.munipozuzo.com.pe/app/views/vista-fondo-editorial/index72c9.html]
[www.munipozuzo.com.pe/app/views/vista-fondo-editorial/index5851.html]
[www.munipozuzo.com.pe/app/views/vista-fondo-editorial/indexad3f.html]
[www.munipozuzo.com.pe/app/views/vista-obras/indexb70a.html]
[www.munipozuzo.com.pe/app/views/vista-obras/index72c9.html]
[www.munipozuzo.com.pe/app/views/vista-obras/index5851.html]
[www.munipozuzo.com.pe/app/views/vista-obras/indexad3f.html]
[www.munipozuzo.com.pe/app/views/vista-obras/favicon.html]
[www.munipozuzo.com.pe/app/views/vista-obras/servicios/obras.html]
[www.munipozuzo.com.pe/app/views/vista-obras/servicios/obras/tipos.html]
[www.munipozuzo.com.pe/app/views/vista-prensa/indexb70a.html]
[www.munipozuzo.com.pe/app/views/vista-prensa/index72c9.html]
[www.munipozuzo.com.pe/app/views/vista-prensa/index5851.html]
[www.munipozuzo.com.pe/app/views/vista-prensa/indexad3f.html]
[www.munipozuzo.com.pe/app/views/vista-prensa/favicon.html]
[www.munipozuzo.com.pe/prensa/comunicadoscomunicado.html]
[www.munipozuzo.com.pe/prensa/notas-de-prensanota-de-prensa.html]
[www.munipozuzo.com.pe/app/views/vista-rubros/indexb70a.html]
[www.munipozuzo.com.pe/app/views/vista-rubros/index72c9.html]
[www.munipozuzo.com.pe/app/views/vista-rubros/index5851.html]
[www.munipozuzo.com.pe/app/views/vista-rubros/indexad3f.html]
[www.munipozuzo.com.pe/app/views/vista-rubros/favicon.html]
[www.munipozuzo.com.pe/app/views/vista-rubros/servicios/desarrollo-tecnológico.html]
[www.munipozuzo.com.pe/app/views/vista-rubros/acerca-de-nosotros.html]
[www.munipozuzo.com.pe/app/views/app/assets/img/icons/Comercio.html]
[www.munipozuzo.com.pe/app/views/app/assets/img/icons/Servicios_Higienicos.html]
[www.munipozuzo.com.pe/app/views/app/assets/img/icons/Vivienda.html]
[www.munipozuzo.com.pe/app/views/vista-subastas/indexb70a.html]
[www.munipozuzo.com.pe/app/views/vista-subastas/index72c9.html]
[www.munipozuzo.com.pe/app/views/vista-subastas/index5851.html]
[www.munipozuzo.com.pe/app/views/vista-subastas/indexad3f.html]
[www.munipozuzo.com.pe/app/views/vista-subastas/favicon.html]
[www.munipozuzo.com.pe/app/wp-content/uploads/indexb70a.html]
[www.munipozuzo.com.pe/app/wp-content/uploads/index72c9.html]
[www.munipozuzo.com.pe/app/wp-content/uploads/index5851.html]
[www.munipozuzo.com.pe/app/wp-content/uploads/indexad3f.html]
[www.munipozuzo.com.pe/app/wp-content/uploads/transp_archivos/indexc052.html]
[www.munipozuzo.com.pe/app/wp-content/uploads/transp_archivos/indexf8a0.html]
[www.munipozuzo.com.pe/app/wp-content/uploads/transp_archivos/indexbfec.html]
[www.munipozuzo.com.pe/app/wp-content/uploads/transp_archivos/index30b5.html]
[www.munipozuzo.com.pe/app/wp-content/uploads/transp_archivos/Datos_Generales/Formatodescargable.pdf]
[www.munipozuzo.com.pe/app/wp-content/uploads/transp_archivos/Datos_Generales/index.html]
[www.munipozuzo.com.pe/app/views/vista-fondo-editorial/coleccion.html]
[www.munipozuzo.com.pe/app/wp-content/uploads/transp_archivos/indexb70a.html]
[www.munipozuzo.com.pe/app/wp-content/uploads/transp_archivos/index72c9.html]
[www.munipozuzo.com.pe/app/wp-content/uploads/transp_archivos/index5851.html]
[www.munipozuzo.com.pe/app/wp-content/uploads/transp_archivos/indexad3f.html]
[www.munipozuzo.com.pe/app/wp-content/uploads/transp_archivos/Datos_Generales/indexc052.html]
[www.munipozuzo.com.pe/app/wp-content/uploads/transp_archivos/Datos_Generales/indexf8a0.html]
[www.munipozuzo.com.pe/app/wp-content/uploads/transp_archivos/Datos_Generales/indexbfec.html]
[www.munipozuzo.com.pe/app/wp-content/uploads/transp_archivos/Datos_Generales/index30b5.html]
[www.munipozuzo.com.pe/app/wp-content/uploads/transp_archivos/Datos_Generales/indexb70a.html]
[www.munipozuzo.com.pe/app/wp-content/uploads/transp_archivos/Datos_Generales/index72c9.html]
[www.munipozuzo.com.pe/app/wp-content/uploads/transp_archivos/Datos_Generales/index5851.html]
[www.munipozuzo.com.pe/app/wp-content/uploads/transp_archivos/Datos_Generales/indexad3f.html]
